Mon Feb 23 17:49:04 UTC 2026
$PROBLEM Base one-compartment oral absorption model created from pharos see run004_metadata.json for details.

$INPUT ID TIME EVID AMT CMT DV MDV WT SEX

$DATA /data/user-homes/matthews/Packages/hyperion/inst/extdata/data/derived/onecmpt-oral-30ind.csv IGNORE=@

$SUBROUTINES ADVAN2 TRANS2

$PK
; Typical values
TVCL = THETA(1)
TVV  = THETA(2)
TVKA = THETA(3)

; Individual parameters
CL = TVCL * EXP(ETA(1))
V  = TVV  * EXP(ETA(2))
KA = TVKA * EXP(ETA(3))

; NONMEM scaling
S2 = V

$ERROR
; Proportional + additive error model (matches mrgsolve)
IPRED = F
Y = IPRED * (1 + EPS(1)) + EPS(2)

$THETA
(0, 1.17)    ;Typical Value CL (L/hr)
(0, 41.98)   ;Typical Value V (L)
(0, 1.24)    ;Typical Value KA (1/hr)

$OMEGA
0.126   ;OM1  TVCL
0.133    ;OM2 TVV
0.1 FIX   ;OM3 TVKA

$SIGMA
0.0364    ; 1. Proportional error (variance, 20% CV)
0.01 FIX ; 2. Additive error (variance, 0.01 mg/L SD)

$ESTIMATION METHOD=1 INTERACTION MAXEVAL=9999 PRINT=5
$TABLE ID TIME DV PRED IPRED CWRES NPDE NOAPPEND NOPRINT ONEHEADER FILE=run004.tab
$TABLE ID CL V KA ETAS(1:LAST) NOAPPEND NOPRINT ONEHEADER FIRSTONLY FILE=run004par.tab

NM-TRAN MESSAGES
  
 WARNINGS AND ERRORS (IF ANY) FOR PROBLEM    1
             
 (WARNING  2) NM-TRAN INFERS THAT THE DATA ARE POPULATION.

 LIM VALUES MAXLIM ASSESSED BY NMTRAN: 1,2,3,4,5,6,7,8,10,11,13,15,16        
  
Note: Analytical 2nd Derivatives are constructed in FSUBS but are never used.
      You may insert $ABBR DERIV2=NO after the first $PROB to save FSUBS construction and compilation time
  

License Registered to: A2 Ai LLC
Expiration Date:    14 FEB 2027
Current Date:       23 FEB 2026
Days until program expires : 356
1NONLINEAR MIXED EFFECTS MODEL PROGRAM (NONMEM) VERSION 7.6.0 (nm760)
 ORIGINALLY DEVELOPED BY STUART BEAL, LEWIS SHEINER, AND ALISON BOECKMANN
 CURRENT DEVELOPERS ARE ROBERT BAUER, ICON DEVELOPMENT SOLUTIONS,
 AND ALISON BOECKMANN. IMPLEMENTATION, EFFICIENCY, AND STANDARDIZATION
 PERFORMED BY NOUS INFOSYSTEMS.

 PROBLEM NO.:         1
 Base one-compartment oral absorption model created from pharos see run00
0DATA CHECKOUT RUN:              NO
 DATA SET LOCATED ON UNIT NO.:    2
 THIS UNIT TO BE REWOUND:        NO
 CREATE/ADD TO FDATA.csv:        YES
 NO. OF DATA RECS IN DATA SET:      240
 NO. OF DATA ITEMS IN DATA SET:   9
 ID DATA ITEM IS DATA ITEM NO.:   1
 DEP VARIABLE IS DATA ITEM NO.:   6
 MDV DATA ITEM IS DATA ITEM NO.:  7
0INDICES PASSED TO SUBROUTINE PRED:
   3   2   4   0   0   0   5   0   0   0   0
0LABELS FOR DATA ITEMS:
 ID TIME EVID AMT CMT DV MDV WT SEX
0(NONBLANK) LABELS FOR PRED-DEFINED ITEMS:
 CL V KA IPRED
0FORMAT FOR DATA:
 (9E5.0)

 TOT. NO. OF OBS RECS:      210
 TOT. NO. OF INDIVIDUALS:       30
0LENGTH OF THETA:   3
0DEFAULT THETA BOUNDARY TEST OMITTED:    NO
0OMEGA HAS BLOCK FORM:
  1
  0  2
  0  0  3
0DEFAULT OMEGA BOUNDARY TEST OMITTED:    NO
0SIGMA HAS BLOCK FORM:
  1
  0  2
0DEFAULT SIGMA BOUNDARY TEST OMITTED:    NO
0INITIAL ESTIMATE OF THETA:
 LOWER BOUND    INITIAL EST    UPPER BOUND
  0.0000E+00     0.1170E+01     0.1000E+07
  0.0000E+00     0.4198E+02     0.1000E+07
  0.0000E+00     0.1240E+01     0.1000E+07
0INITIAL ESTIMATE OF OMEGA:
 BLOCK SET NO.   BLOCK                                                                    FIXED
        1                                                                                   NO
                  0.1260E+00
        2                                                                                   NO
                  0.1330E+00
        3                                                                                  YES
                  0.1000E+00
0INITIAL ESTIMATE OF SIGMA:
 BLOCK SET NO.   BLOCK                                                                    FIXED
        1                                                                                   NO
                  0.3640E-01
        2                                                                                  YES
                  0.1000E-01
0TABLES STEP OMITTED:    NO
 NO. OF TABLES:           2
 SEED NUMBER (SEED):    11456
 NPDTYPE:    0
 INTERPTYPE:    0
 RANMETHOD:             3U
 MC SAMPLES (ESAMPLE):    300
 WRES SQUARE ROOT TYPE (WRESCHOL): EIGENVALUE
0-- TABLE   1 --
0RECORDS ONLY:    ALL
04 COLUMNS APPENDED:    NO
 PRINTED:                NO
 HEADER:                YES
 FILE TO BE FORWARDED:   NO
 FORMAT:                S1PE11.4
 IDFORMAT:
 LFORMAT:
 RFORMAT:
 FIXED_EFFECT_ETAS:
0USER-CHOSEN ITEMS:
 ID TIME DV PRED IPRED CWRES NPDE
0-- TABLE   2 --
0RECORDS ONLY:    FIRSTONLY
04 COLUMNS APPENDED:    NO
 PRINTED:                NO
 HEADER:                YES
 FILE TO BE FORWARDED:   NO
 FORMAT:                S1PE11.4
 IDFORMAT:
 LFORMAT:
 RFORMAT:
 FIXED_EFFECT_ETAS:
0USER-CHOSEN ITEMS:
 ID CL V KA ETA1 ETA2 ETA3
1DOUBLE PRECISION PREDPP VERSION 7.6.0 (nm760)

 ONE COMPARTMENT MODEL WITH FIRST-ORDER ABSORPTION (ADVAN2)
0MAXIMUM NO. OF BASIC PK PARAMETERS:   3
0BASIC PK PARAMETERS (AFTER TRANSLATION):
   ELIMINATION RATE (K) IS BASIC PK PARAMETER NO.:  1
   ABSORPTION RATE (KA) IS BASIC PK PARAMETER NO.:  3

 TRANSLATOR WILL CONVERT PARAMETERS
 CLEARANCE (CL) AND VOLUME (V) TO K (TRANS2)
0COMPARTMENT ATTRIBUTES
 COMPT. NO.   FUNCTION   INITIAL    ON/OFF      DOSE      DEFAULT    DEFAULT
                         STATUS     ALLOWED    ALLOWED    FOR DOSE   FOR OBS.
    1         DEPOT        OFF        YES        YES        YES        NO
    2         CENTRAL      ON         NO         YES        NO         YES
    3         OUTPUT       OFF        YES        NO         NO         NO
1
 ADDITIONAL PK PARAMETERS - ASSIGNMENT OF ROWS IN GG
 COMPT. NO.                             INDICES
              SCALE      BIOAVAIL.   ZERO-ORDER  ZERO-ORDER  ABSORB
                         FRACTION    RATE        DURATION    LAG
    1            *           *           *           *           *
    2            4           *           *           *           *
    3            *           -           -           -           -
             - PARAMETER IS NOT ALLOWED FOR THIS MODEL
             * PARAMETER IS NOT SUPPLIED BY PK SUBROUTINE;
               WILL DEFAULT TO ONE IF APPLICABLE
0DATA ITEM INDICES USED BY PRED ARE:
   EVENT ID DATA ITEM IS DATA ITEM NO.:      3
   TIME DATA ITEM IS DATA ITEM NO.:          2
   DOSE AMOUNT DATA ITEM IS DATA ITEM NO.:   4
   COMPT. NO. DATA ITEM IS DATA ITEM NO.:    5

0PK SUBROUTINE CALLED WITH EVERY EVENT RECORD.
 PK SUBROUTINE NOT CALLED AT NONEVENT (ADDITIONAL OR LAGGED) DOSE TIMES.
0ERROR SUBROUTINE CALLED WITH EVERY EVENT RECORD.
1


 #TBLN:      1
 #METH: First Order Conditional Estimation with Interaction

 ESTIMATION STEP OMITTED:                 NO
 SHRINK INFO WITH EVALUATION (EVALSHRINK) NO
 ANALYSIS TYPE:                           POPULATION
 NUMBER OF SADDLE POINT RESET ITERATIONS:      0
 GRADIENT METHOD USED:               NOSLOW
 CONDITIONAL ESTIMATES USED:              YES
 CENTERED ETA:                            NO
 EPS-ETA INTERACTION:                     YES
 LAPLACIAN OBJ. FUNC.:                    NO
 NO. OF FUNCT. EVALS. ALLOWED:            9999
 NO. OF SIG. FIGURES REQUIRED:            3
 INTERMEDIATE PRINTOUT:                   YES
 ESTIMATE OUTPUT TO MSF:                  NO
 IND. OBJ. FUNC. VALUES SORTED:           NO
 NUMERICAL DERIVATIVE
       FILE REQUEST (NUMDER):               NONE
 MAP (ETAHAT) ESTIMATION METHOD (OPTMAP):   0
 ETA HESSIAN EVALUATION METHOD (ETADER):    0
 INITIAL ETA FOR MAP ESTIMATION (MCETA):    0
 SIGDIGITS FOR MAP ESTIMATION (SIGLO):      100
 GRADIENT SIGDIGITS OF
       FIXED EFFECTS PARAMETERS (SIGL):     100
 NOPRIOR SETTING (NOPRIOR):                 0
 NOCOV SETTING (NOCOV):                     OFF
 DERCONT SETTING (DERCONT):                 OFF
 FINAL ETA RE-EVALUATION (FNLETA):          1
 EXCLUDE NON-INFLUENTIAL (NON-INFL.) ETAS
       IN SHRINKAGE (ETASTYPE):             NO
 NON-INFL. ETA CORRECTION (NONINFETA):      0
 RAW OUTPUT FILE (FILE): run-err.ext
 EXCLUDE TITLE (NOTITLE):                   NO
 EXCLUDE COLUMN LABELS (NOLABEL):           NO
 FORMAT FOR ADDITIONAL FILES (FORMAT):      S1PE12.5
 PARAMETER ORDER FOR OUTPUTS (ORDER):       TSOL
 KNUTHSUMOFF:                               0
 INCLUDE LNTWOPI:                           NO
 INCLUDE CONSTANT TERM TO PRIOR (PRIORC):   NO
 INCLUDE CONSTANT TERM TO OMEGA (ETA) (OLNTWOPI):NO
 ADDITIONAL CONVERGENCE TEST (CTYPE=4)?:    NO
 EM OR BAYESIAN METHOD USED:                 NONE


 THE FOLLOWING LABELS ARE EQUIVALENT
 PRED=PREDI
 RES=RESI
 WRES=WRESI
 IWRS=IWRESI
 IPRD=IPREDI
 IRS=IRESI

 MONITORING OF SEARCH:


0ITERATION NO.:    0    OBJECTIVE VALUE:  -102.731078773047        NO. OF FUNC. EVALS.:   6
 CUMULATIVE NO. OF FUNC. EVALS.:        6
 NPARAMETR:  1.1700E+00  4.1980E+01  1.2400E+00  1.2600E-01  1.3300E-01  3.6400E-02
 PARAMETER:  1.0000E-01  1.0000E-01  1.0000E-01  1.0000E-01  1.0000E-01  1.0000E-01
 GRADIENT:  -1.4302E+01  9.1636E+00 -5.7408E+00 -1.3679E+00 -1.7580E+00 -1.0499E+00

0ITERATION NO.:    5    OBJECTIVE VALUE:  -103.292501138632        NO. OF FUNC. EVALS.:  40
 CUMULATIVE NO. OF FUNC. EVALS.:       46
 NPARAMETR:  1.2462E+00  4.0836E+01  1.2340E+00  1.3140E-01  1.3647E-01  3.6308E-02
 PARAMETER:  1.6310E-01  7.2379E-02  9.5162E-02  1.2098E-01  1.1286E-01  9.8734E-02
 GRADIENT:   8.1292E-01  7.5111E-01 -1.4089E+00  1.1598E-01  3.1996E-01 -1.2553E-01

0ITERATION NO.:   10    OBJECTIVE VALUE:  -103.298831405410        NO. OF FUNC. EVALS.:  48
 CUMULATIVE NO. OF FUNC. EVALS.:       94
 NPARAMETR:  1.2411E+00  4.0847E+01  1.2412E+00  1.3093E-01  1.3569E-01  3.6350E-02
 PARAMETER:  1.5899E-01  7.2631E-02  1.0101E-01  1.1918E-01  1.1001E-01  9.9313E-02
 GRADIENT:  -2.3270E-02 -9.1736E-02 -1.4929E-02  1.6375E-04  7.2409E-04 -8.1414E-03

0ITERATION NO.:   12    OBJECTIVE VALUE:  -103.298844015358        NO. OF FUNC. EVALS.:  21
 CUMULATIVE NO. OF FUNC. EVALS.:      115
 NPARAMETR:  1.2411E+00  4.0857E+01  1.2414E+00  1.3093E-01  1.3569E-01  3.6353E-02
 PARAMETER:  1.5902E-01  7.2878E-02  1.0111E-01  1.1919E-01  1.1000E-01  9.9355E-02
 GRADIENT:  -1.8069E-05 -1.8401E-05 -7.5651E-06  5.1679E-07 -8.3288E-05 -1.3726E-05

 #TERM:
0MINIMIZATION SUCCESSFUL
 NO. OF FUNCTION EVALUATIONS USED:      115
 NO. OF SIG. DIGITS IN FINAL EST.:  5.1

 ETABAR IS THE ARITHMETIC MEAN OF THE ETA-ESTIMATES,
 AND THE P-VALUE IS GIVEN FOR THE NULL HYPOTHESIS THAT THE TRUE MEAN IS 0.

 ETABAR:         3.0992E-02 -1.6224E-02 -2.1562E-02
 SE:             5.3225E-02  6.3883E-02  4.1664E-02
 N:                      30          30          30

 P VAL.:         5.6038E-01  7.9952E-01  6.0479E-01

 ETASHRINKSD(%)  1.8979E+01  4.9087E+00  2.7514E+01
 ETASHRINKVR(%)  3.4356E+01  9.5764E+00  4.7458E+01
 EBVSHRINKSD(%)  2.1052E+01  4.9033E+00  2.9616E+01
 EBVSHRINKVR(%)  3.7673E+01  9.5662E+00  5.0462E+01
 RELATIVEINF(%)  5.9308E+01  8.5587E+01  4.5853E+01
 EPSSHRINKSD(%)  1.5281E+01  1.5281E+01
 EPSSHRINKVR(%)  2.8227E+01  2.8227E+01

  
 TOTAL DATA POINTS NORMALLY DISTRIBUTED (N):          210
 N*LOG(2PI) CONSTANT TO OBJECTIVE FUNCTION:    385.95418394596254     
 OBJECTIVE FUNCTION VALUE WITHOUT CONSTANT:   -103.29884401535809     
 OBJECTIVE FUNCTION VALUE WITH CONSTANT:       282.65533993060444     
 REPORTED OBJECTIVE FUNCTION DOES NOT CONTAIN CONSTANT
  
 TOTAL EFFECTIVE ETAS (NIND*NETA):                            90
  
 #TERE:
 Elapsed estimation  time in seconds:     0.20
 Elapsed postprocess time in seconds:     0.12
1
 
 
 
 
 
 
 
 
 
 
 
 
 
 
 
 
 
 
 
 
 ************************************************************************************************************************
 ********************                                                                                ********************
 ********************               FIRST ORDER CONDITIONAL ESTIMATION WITH INTERACTION              ********************
 #OBJT:**************                       MINIMUM VALUE OF OBJECTIVE FUNCTION                      ********************
 ********************                                                                                ********************
 ************************************************************************************************************************
 





 #OBJV:********************************************          -103.299       *********************************************
1
 ************************************************************************************************************************
 ********************                                                                                ********************
 ********************               FIRST ORDER CONDITIONAL ESTIMATION WITH INTERACTION              ********************
 ********************                             FINAL PARAMETER ESTIMATE                           ********************
 ********************                                                                                ********************
 ************************************************************************************************************************
 


 THETA - VECTOR OF FIXED EFFECTS PARAMETERS   *********


         TH 1      TH 2      TH 3     
 
         1.24E+00  4.09E+01  1.24E+00
 


 OMEGA - COV MATRIX FOR RANDOM EFFECTS - ETAS  ********


         ETA1      ETA2      ETA3     
 
 ETA1
+        1.31E-01
 
 ETA2
+        0.00E+00  1.36E-01
 
 ETA3
+        0.00E+00  0.00E+00  1.00E-01
 


 SIGMA - COV MATRIX FOR RANDOM EFFECTS - EPSILONS  ****


         EPS1      EPS2     
 
 EPS1
+        3.64E-02
 
 EPS2
+        0.00E+00  1.00E-02
 
1


 OMEGA - CORR MATRIX FOR RANDOM EFFECTS - ETAS  *******


         ETA1      ETA2      ETA3     
 
 ETA1
+        3.62E-01
 
 ETA2
+        0.00E+00  3.68E-01
 
 ETA3
+        0.00E+00  0.00E+00  3.16E-01
 


 SIGMA - CORR MATRIX FOR RANDOM EFFECTS - EPSILONS  ***


         EPS1      EPS2     
 
 EPS1
+        1.91E-01
 
 EPS2
+        0.00E+00  1.00E-01
 
 Elapsed finaloutput time in seconds:     0.09
 #CPUT: Total CPU Time in Seconds,        0.253
Stop Time:
Mon Feb 23 17:49:22 UTC 2026
