---
source: components/nonmem-parser/src/parser.rs
expression: "rendered.join(\"\\n\")"
input_file: components/nonmem-parser/test_data/errors/sim_seed_negative.mod
---
error: seed value '-2' is out of range: must be -1 or an integer in [0, 2147483647]
 --> sim_seed_negative.mod:8:7
  |
8 | $SIM (-2) ONLYSIM SUBPROBLEMS=1
  |       ^^
