---
source: components/nonmem-parser/src/parser.rs
expression: "diag.render(display_path, &input)"
input_file: components/nonmem-parser/test_data/errors/est_missing_value.mod
---
error: unexpected end of file, expected an integer, a number, INF, a name, a quoted string
 --> est_missing_value.mod:2:13
  |
2 | $EST METHOD=
  |             ^
