---
source: components/nonmem-parser/src/parser.rs
expression: "rendered.join(\"\\n\")"
input_file: components/nonmem-parser/test_data/errors/sim_bare_subproblems.mod
---
error: $SIMULATION option SUBPROBLEMS requires a value
 --> sim_bare_subproblems.mod:8:10
  |
8 | $SIM (1) SUBPROBLEMS ONLYSIM
  |          ^^^^^^^^^^^
