---
source: components/nonmem-parser/src/parser.rs
expression: cst.debug_tree(&tokens)
input_file: components/nonmem-parser/test_data/sim_nonparametric_with_msfi.mod
---
Root
  Problem
    ControlRecord "$PROBLEM"
    Whitespace " "
    Symbol "nonparametric"
    Whitespace " "
    Symbol "with"
    Whitespace " "
    Symbol "msfi"
  Newline "\n"
  Input
    ControlRecord "$INPUT"
    Whitespace " "
    InputColumn
      Symbol "ID"
      Whitespace " "
    InputColumn
      Symbol "TIME"
      Whitespace " "
    InputColumn
      Symbol "DV"
      Newline "\n"
  Data
    ControlRecord "$DATA"
    Whitespace " "
    Symbol "data.csv"
    Whitespace " "
    KeyValue
      Symbol "IGNORE"
      Equals "="
      Symbol "@"
  Newline "\n"
  Msfi
    ControlRecord "$MSFI"
    Whitespace " "
    Flag
      Symbol "msfb.msf"
      Newline "\n"
  Pred
    ControlRecord "$PRED"
    Newline "\n"
    Whitespace "  "
    Assignment
      Ident "Y"
      Whitespace " "
      Equals "="
      Whitespace " "
      BinaryExpr
        FunctionCall
          Ident "THETA"
          LeftParen "("
          ArgList
            Int "1"
          RightParen ")"
        Whitespace " "
        Plus "+"
        Whitespace " "
        FunctionCall
          Ident "EPS"
          LeftParen "("
          ArgList
            Int "1"
          RightParen ")"
  Newline "\n"
  Theta
    ControlRecord "$THETA"
    Whitespace " "
    Param
      Int "1"
    Newline "\n"
  Sigma
    ControlRecord "$SIGMA"
    Whitespace " "
    Param
      Int "1"
    Newline "\n"
  Simulation
    ControlRecord "$SIM"
    Whitespace " "
    Flag
      LeftParen "("
      Int "1"
      RightParen ")"
    Whitespace " "
    Flag
      LeftParen "("
      Int "2"
      Whitespace " "
      Symbol "NONPARAMETRIC"
      RightParen ")"
    Whitespace " "
    Flag
      Symbol "ONLYSIM"
      Whitespace " "
    KeyValue
      Symbol "SUBPROBLEMS"
      Equals "="
      Int "1"
  Newline "\n"
