---
source: components/nonmem-parser/src/parser.rs
expression: cst.debug_tree(&tokens)
input_file: components/nonmem-parser/test_data/nmexample.mod
---
Root
  Comment ";Model Desc: Two compartment Model, Using ADVAN3, TRANS4"
  Newline "\n"
  Comment ";Project Name: nm7examples"
  Newline "\n"
  Comment ";Project ID: NO PROJECT DESCRIPTION"
  Newline "\n"
  Newline "\n"
  Problem
    ControlRecord "$PROB"
    Whitespace " "
    Symbol "RUN#"
    Whitespace " "
    Symbol "Example"
    Whitespace " "
    Int "1"
    Whitespace " "
    LeftParen "("
    Symbol "from"
    Whitespace " "
    Symbol "samp5l"
    RightParen ")"
  Newline "\n"
  Input
    ControlRecord "$INPUT"
    Whitespace " "
    InputColumn
      Symbol "C"
      Whitespace " "
    InputColumn
      Symbol "SET"
      Whitespace " "
    InputColumn
      Symbol "ID"
      Whitespace " "
    InputColumn
      Symbol "JID"
      Whitespace " "
    InputColumn
      Symbol "TIME"
      Whitespace "  "
    InputColumn
      Symbol "DV"
      Equals "="
      Symbol "CONC"
    Whitespace " "
    InputColumn
      Symbol "AMT"
      Equals "="
      Symbol "DOSE"
    Whitespace " "
    InputColumn
      Symbol "RATE"
      Whitespace " "
    InputColumn
      Symbol "EVID"
      Whitespace " "
    InputColumn
      Symbol "MDV"
      Whitespace " "
    InputColumn
      Symbol "CMT"
      Whitespace " "
    InputColumn
      Symbol "CLX"
      Newline "\n"
    InputColumn
      Symbol "V1X"
      Whitespace " "
    InputColumn
      Symbol "QX"
      Whitespace " "
    InputColumn
      Symbol "V2X"
      Whitespace " "
    InputColumn
      Symbol "SDIX"
      Whitespace " "
    InputColumn
      Symbol "SDSX"
      Newline "\n"
  Data
    ControlRecord "$DATA"
    Whitespace " "
    Symbol "example1.csv"
    Whitespace " "
    KeyValue
      Symbol "IGNORE"
      Equals "="
      Symbol "C"
  Newline "\n"
  Newline "\n"
  Subroutines
    ControlRecord "$SUBROUTINES"
    Whitespace " "
    Flag
      Symbol "ADVAN3"
      Whitespace " "
    Flag
      Symbol "TRANS4"
      Newline "\n"
      Newline "\n"
  Pk
    ControlRecord "$PK"
    Newline "\n"
    Comment "; The thetas are MU modeled."
    Newline "\n"
    Comment "; Best that there is a linear relationship between THETAs and Mus"
    Newline "\n"
    Comment "; The linear MU modeling of THETAS allows them to be efficiently"
    Newline "\n"
    Comment "; Gibbs sampled."
    Newline "\n"
    Newline "\n"
    Assignment
      Ident "MU_1"
      Equals "="
      FunctionCall
        Ident "THETA"
        LeftParen "("
        ArgList
          Int "1"
        RightParen ")"
    Newline "\n"
    Assignment
      Ident "MU_2"
      Equals "="
      FunctionCall
        Ident "THETA"
        LeftParen "("
        ArgList
          Int "2"
        RightParen ")"
    Newline "\n"
    Assignment
      Ident "MU_3"
      Equals "="
      FunctionCall
        Ident "THETA"
        LeftParen "("
        ArgList
          Int "3"
        RightParen ")"
    Newline "\n"
    Assignment
      Ident "MU_4"
      Equals "="
      FunctionCall
        Ident "THETA"
        LeftParen "("
        ArgList
          Int "4"
        RightParen ")"
    Newline "\n"
    Assignment
      Ident "CL"
      Equals "="
      FunctionCall
        Ident "DEXP"
        LeftParen "("
        ArgList
          BinaryExpr
            Ident "MU_1"
            Plus "+"
            FunctionCall
              Ident "ETA"
              LeftParen "("
              ArgList
                Int "1"
              RightParen ")"
        RightParen ")"
    Newline "\n"
    Assignment
      Ident "V1"
      Equals "="
      FunctionCall
        Ident "DEXP"
        LeftParen "("
        ArgList
          BinaryExpr
            Ident "MU_2"
            Plus "+"
            FunctionCall
              Ident "ETA"
              LeftParen "("
              ArgList
                Int "2"
              RightParen ")"
        RightParen ")"
    Newline "\n"
    Assignment
      Ident "Q"
      Equals "="
      FunctionCall
        Ident "DEXP"
        LeftParen "("
        ArgList
          BinaryExpr
            Ident "MU_3"
            Plus "+"
            FunctionCall
              Ident "ETA"
              LeftParen "("
              ArgList
                Int "3"
              RightParen ")"
        RightParen ")"
    Newline "\n"
    Assignment
      Ident "V2"
      Equals "="
      FunctionCall
        Ident "DEXP"
        LeftParen "("
        ArgList
          BinaryExpr
            Ident "MU_4"
            Plus "+"
            FunctionCall
              Ident "ETA"
              LeftParen "("
              ArgList
                Int "4"
              RightParen ")"
        RightParen ")"
    Newline "\n"
    Assignment
      Ident "S1"
      Equals "="
      Ident "V1"
  Newline "\n"
  Newline "\n"
  ErrorBlock
    ControlRecord "$ERROR"
    Newline "\n"
    Assignment
      Ident "Y"
      Whitespace " "
      Equals "="
      Whitespace " "
      BinaryExpr
        Ident "F"
        Whitespace " "
        Plus "+"
        Whitespace " "
        BinaryExpr
          Ident "F"
          Star "*"
          FunctionCall
            Ident "EPS"
            LeftParen "("
            ArgList
              Int "1"
            RightParen ")"
  Newline "\n"
  Newline "\n"
  Comment "; Initial values of THETA"
  Newline "\n"
  Theta
    ControlRecord "$THETA"
    Newline "\n"
    Param
      Parens
        LeftParen "("
        Float "0.001"
        Comma ","
        Whitespace " "
        Float "2.0"
        RightParen ")"
    Whitespace " "
    Comment ";[LN(CL)]"
    Newline "\n"
    Param
      Parens
        LeftParen "("
        Float "0.001"
        Comma ","
        Whitespace " "
        Float "2.0"
        RightParen ")"
    Whitespace " "
    Comment ";[LN(V1)]"
    Newline "\n"
    Param
      Parens
        LeftParen "("
        Float "0.001"
        Comma ","
        Whitespace " "
        Float "2.0"
        RightParen ")"
    Whitespace " "
    Comment ";[LN(Q)]"
    Newline "\n"
    Param
      Parens
        LeftParen "("
        Float "0.001"
        Comma ","
        Whitespace " "
        Float "2.0"
        RightParen ")"
    Whitespace " "
    Comment ";[LN(V2)]"
    Newline "\n"
    Newline "\n"
    Comment ";INITIAL values of OMEGA"
    Newline "\n"
  Omega
    ControlRecord "$OMEGA"
    Whitespace " "
    Block
      Symbol "BLOCK"
      LeftParen "("
      Int "4"
      RightParen ")"
    Newline "\n"
    Param
      Float "0.15"
    Whitespace "   "
    Comment ";[P]"
    Newline "\n"
    Param
      Float "0.01"
    Whitespace "  "
    Comment ";[F]"
    Newline "\n"
    Param
      Float "0.15"
    Whitespace "   "
    Comment ";[P]"
    Newline "\n"
    Param
      Float "0.01"
    Whitespace "  "
    Comment ";[F]"
    Newline "\n"
    Param
      Float "0.01"
    Whitespace "  "
    Comment ";[F]"
    Newline "\n"
    Param
      Float "0.15"
    Whitespace "   "
    Comment ";[P]"
    Newline "\n"
    Param
      Float "0.01"
    Whitespace "  "
    Comment ";[F]"
    Newline "\n"
    Param
      Float "0.01"
    Whitespace "  "
    Comment ";[F]"
    Newline "\n"
    Param
      Float "0.01"
    Whitespace "  "
    Comment ";[F]"
    Newline "\n"
    Param
      Float "0.15"
    Whitespace "   "
    Comment ";[P]"
    Newline "\n"
    Newline "\n"
    Comment ";Initial value of SIGMA"
    Newline "\n"
  Sigma
    ControlRecord "$SIGMA"
    Newline "\n"
    Param
      LeftParen "("
      Float "0.6"
      Whitespace " "
      RightParen ")"
    Whitespace "   "
    Comment ";[P]"
    Newline "\n"
    Newline "\n"
    Comment ";Prior information is important for MCMC Bayesian analysis,"
    Newline "\n"
    Comment ";not necessary for maximization methods"
    Newline "\n"
    Comment ";Note the syntax used for defining priors that is available"
    Newline "\n"
    Comment ";as of NONMEM 7.3"
    Newline "\n"
  UnknownRecord
    ControlRecord "$PRIOR"
    Whitespace " "
    Symbol "NWPRI"
  Newline "\n"
  Newline "\n"
  Comment "; Prior information of THETAS"
  Newline "\n"
  UnknownRecord
    ControlRecord "$THETAP"
    Whitespace " "
    LeftParen "("
    Float "2.0"
    Whitespace " "
    Symbol "FIX"
    RightParen ")"
    Symbol "X4"
  Newline "\n"
  Newline "\n"
  Comment "; Variance to prior information of THETAS."
  Newline "\n"
  Comment "; Because variances are very large, this means that the prior"
  Newline "\n"
  Comment "; information to the THETAS is highly uninformative."
  Newline "\n"
  UnknownRecord
    ControlRecord "$THETAPV"
    Whitespace " "
    Symbol "BLOCK"
    LeftParen "("
    Int "4"
    RightParen ")"
    Whitespace " "
    Symbol "FIX"
    Whitespace " "
    Symbol "VALUES"
    LeftParen "("
    Int "10000"
    Comma ","
    Float "0.0"
    RightParen ")"
  Newline "\n"
  Newline "\n"
  Comment "; Prior information to the OMEGAS."
  Newline "\n"
  UnknownRecord
    ControlRecord "$OMEGAP"
    Whitespace " "
    Symbol "BLOCK"
    LeftParen "("
    Int "4"
    RightParen ")"
    Whitespace " "
    Symbol "FIX"
    Whitespace " "
    Symbol "VALUES"
    LeftParen "("
    Float "0.2"
    Comma ","
    Float "0.0"
    RightParen ")"
  Newline "\n"
  Comment "; Degrees of freedom to prior OMEGA matrix."
  Newline "\n"
  Comment "; Because degrees of freedom is very low, equal to the"
  Newline "\n"
  Comment "; the dimension of the prior OMEGA, this means that the"
  Newline "\n"
  Comment "; prior information to the OMEGAS is highly uninformative"
  Newline "\n"
  UnknownRecord
    ControlRecord "$OMEGAPD"
    Whitespace " "
    LeftParen "("
    Int "4"
    Whitespace " "
    Symbol "FIX"
    RightParen ")"
  Newline "\n"
  Newline "\n"
  Comment "; Prior information to the SIGMAS"
  Newline "\n"
  UnknownRecord
    ControlRecord "$SIGMAP"
    Whitespace " "
    Float "0.06"
    Whitespace " "
    Symbol "FIX"
  Newline "\n"
  Comment "; Degrees of freedom to prior SIGMA matrix."
  Newline "\n"
  Comment "; Because degrees of freedom is very low, equal to the"
  Newline "\n"
  Comment "; the dimension of the prior SIGMA, this means that the"
  Newline "\n"
  Comment "; prior information to the SIGMA is highly uninformative"
  Newline "\n"
  UnknownRecord
    ControlRecord "$SIGMAPD"
    Whitespace " "
    LeftParen "("
    Int "1"
    Whitespace " "
    Symbol "FIX"
    RightParen ")"
  Newline "\n"
  Newline "\n"
  Comment "; The first analysis is iterative two-stage,"
  Newline "\n"
  Comment "; maximum of 500 iterations (NITER), iteration results"
  Newline "\n"
  Comment "; are printed every 5 iterations, gradient precision (SIGL) is 4."
  Newline "\n"
  Comment "; Termination is tested on all of"
  Newline "\n"
  Comment "; the population parameters (CTYPE=3),"
  Newline "\n"
  Comment "; and for less then 2 significant digits change (NSIG)."
  Newline "\n"
  Comment "; Prior information is not necessary for ITS, so NOPRIOR=1."
  Newline "\n"
  Comment "; The intermediate and final results of the ITS method will be"
  Newline "\n"
  Comment "; recoded in row/column format in example1.ext"
  Newline "\n"
  Newline "\n"
  Estimation
    ControlRecord "$EST"
    Whitespace " "
    KeyValue
      Symbol "METHOD"
      Equals "="
      Symbol "ITS"
    Whitespace " "
    KeyValue
      Symbol "MAPITER"
      Equals "="
      Int "0"
    Whitespace " "
    Flag
      Symbol "INTERACTION"
      Whitespace " "
    KeyValue
      Symbol "FILE"
      Equals "="
      Symbol "example1.ext"
    Whitespace " "
    KeyValue
      Symbol "NITER"
      Equals "="
      Int "500"
    Newline "\n"
    KeyValue
      Symbol "PRINT"
      Equals "="
      Int "5"
    Whitespace " "
    Flag
      Symbol "NOABORT"
      Whitespace " "
    KeyValue
      Symbol "SIGL"
      Equals "="
      Int "4"
    Whitespace " "
    KeyValue
      Symbol "CTYPE"
      Equals "="
      Int "3"
    Whitespace " "
    KeyValue
      Symbol "CITER"
      Equals "="
      Int "10"
    Newline "\n"
    KeyValue
      Symbol "CALPHA"
      Equals "="
      Float "0.05"
    Whitespace " "
    KeyValue
      Symbol "NOPRIOR"
      Equals "="
      Int "1"
    Whitespace " "
    KeyValue
      Symbol "NSIG"
      Equals "="
      Int "2"
  Newline "\n"
  Newline "\n"
  Comment "; The results of ITS are used as the initial values for the"
  Newline "\n"
  Comment "; SAEM method. A maximum of 3000 ; stochastic iterations (NBURN)"
  Newline "\n"
  Comment "; is requested, but may end early if statistical test determines"
  Newline "\n"
  Comment "; that variations in all parameters is stationary"
  Newline "\n"
  Comment "; (note that any settings from the previous $EST"
  Newline "\n"
  Comment "; carries over to the next $EST statement, within a $PROB)."
  Newline "\n"
  Comment "; The SAEM is a Monte Carlo process,"
  Newline "\n"
  Comment "; so setting the SEED assures repeatability of results."
  Newline "\n"
  Comment "; Each iteration obtains only 2 Monte Carlo samples ISAMPLE),"
  Newline "\n"
  Comment ";  so they are very fast."
  Newline "\n"
  Comment "; But many iterations are needed, so PRINT only"
  Newline "\n"
  Comment "; every 100th iteration."
  Newline "\n"
  Comment "; After the stochastic phase, 500 accumulation iterations will be"
  Newline "\n"
  Comment "; Performed (NITER), to obtain good parameters estimates with"
  Newline "\n"
  Comment "; little stochastic noise."
  Newline "\n"
  Comment "; As a new FILE has not been given, the SAEM results will append to"
  Newline "\n"
  Comment "; example1.ext."
  Newline "\n"
  Newline "\n"
  Estimation
    ControlRecord "$EST"
    Whitespace " "
    KeyValue
      Symbol "METHOD"
      Equals "="
      Symbol "SAEM"
    Whitespace " "
    Flag
      Symbol "INTERACTION"
      Whitespace " "
    KeyValue
      Symbol "NBURN"
      Equals "="
      Int "3000"
    Whitespace " "
    KeyValue
      Symbol "NITER"
      Equals "="
      Int "500"
    Whitespace " "
    KeyValue
      Symbol "PRINT"
      Equals "="
      Int "100"
    Newline "\n"
    KeyValue
      Symbol "SEED"
      Equals "="
      Int "1556678"
    Whitespace " "
    KeyValue
      Symbol "ISAMPLE"
      Equals "="
      Int "2"
  Newline "\n"
  Newline "\n"
  Comment "; After the SAEM method, obtain good estimates of the marginal"
  Newline "\n"
  Comment "; density (objective function),"
  Newline "\n"
  Comment "; along with good estimates of the standard errors."
  Newline "\n"
  Comment "; This is best done with importance sampling ; (IMP),"
  Newline "\n"
  Comment "; performing the expectation step only (EONLY=1), so that"
  Newline "\n"
  Comment "; final population parameters remain at the final SAEM result."
  Newline "\n"
  Comment "; Five iterations (NITER) should allow the importance sampling"
  Newline "\n"
  Comment "; proposal density to become stationary."
  Newline "\n"
  Comment "; This is observed by the objective function settling"
  Newline "\n"
  Comment "; to a particular value (with some stochastic noise)."
  Newline "\n"
  Comment "; By using 3000 Monte Carlo samples"
  Newline "\n"
  Comment "; (ISAMPLE), this assures a precise assessment of standard errors."
  Newline "\n"
  Newline "\n"
  Estimation
    ControlRecord "$EST"
    Whitespace " "
    KeyValue
      Symbol "METHOD"
      Equals "="
      Symbol "IMP"
    Whitespace "  "
    Flag
      Symbol "INTERACTION"
      Whitespace " "
    KeyValue
      Symbol "EONLY"
      Equals "="
      Int "1"
    Whitespace " "
    KeyValue
      Symbol "NITER"
      Equals "="
      Int "5"
    Whitespace " "
    KeyValue
      Symbol "ISAMPLE"
      Equals "="
      Int "3000"
    Whitespace " "
    KeyValue
      Symbol "PRINT"
      Equals "="
      Int "1"
    Newline "\n"
    KeyValue
      Symbol "SIGL"
      Equals "="
      Int "8"
    Whitespace " "
    KeyValue
      Symbol "NOPRIOR"
      Equals "="
      Int "1"
  Newline "\n"
  Newline "\n"
  Comment "; The Bayesian analysis is performed."
  Newline "\n"
  Comment "; While 10000 burn-in iterations are requested as a maximum,"
  Newline "\n"
  Comment "; because the termination test is on (CTYPE<>0, set at the"
  Newline "\n"
  Comment "; first $EST statement), and because the initial parameters are at"
  Newline "\n"
  Comment "; the SAEM result, which is the maximum likelihood position,"
  Newline "\n"
  Comment "; the analysis should settle down to a stationary distribution in"
  Newline "\n"
  Comment "; several hundred iterations."
  Newline "\n"
  Comment "; Prior information is also used to facilitate Bayesian analysis."
  Newline "\n"
  Comment "; The individual Bayesian iteration results are important,"
  Newline "\n"
  Comment "; and may be need for post-processing analysis."
  Newline "\n"
  Comment "; So specify a separate FILE for the Bayesian analysis."
  Newline "\n"
  Newline "\n"
  Estimation
    ControlRecord "$EST"
    Whitespace " "
    KeyValue
      Symbol "METHOD"
      Equals "="
      Symbol "BAYES"
    Whitespace " "
    Flag
      Symbol "INTERACTION"
      Whitespace " "
    KeyValue
      Symbol "FILE"
      Equals "="
      Symbol "example1.txt"
    Whitespace " "
    KeyValue
      Symbol "NBURN"
      Equals "="
      Int "10000"
    Newline "\n"
    KeyValue
      Symbol "NITER"
      Equals "="
      Int "10000"
    Whitespace " "
    KeyValue
      Symbol "PRINT"
      Equals "="
      Int "100"
    Whitespace " "
    KeyValue
      Symbol "NOPRIOR"
      Equals "="
      Int "0"
  Newline "\n"
  Newline "\n"
  Comment "; Just for old-times sake, let's see what the traditional"
  Newline "\n"
  Comment "; FOCE method will give us."
  Newline "\n"
  Comment "; And, remember to introduce a new FILE, so its results won't"
  Newline "\n"
  Comment "; append to our Bayesian FILE."
  Newline "\n"
  Comment "; Appending to example1.ext with the EM methods is fine."
  Newline "\n"
  Newline "\n"
  Estimation
    ControlRecord "$EST"
    Whitespace " "
    KeyValue
      Symbol "METHOD"
      Equals "="
      Symbol "COND"
    Whitespace " "
    Flag
      Symbol "INTERACTION"
      Whitespace " "
    KeyValue
      Symbol "MAXEVAL"
      Equals "="
      Int "9999"
    Whitespace " "
    KeyValue
      Symbol "NSIG"
      Equals "="
      Int "3"
    Whitespace " "
    KeyValue
      Symbol "SIGL"
      Equals "="
      Int "10"
    Newline "\n"
    KeyValue
      Symbol "PRINT"
      Equals "="
      Int "5"
    Whitespace " "
    Flag
      Symbol "NOABORT"
      Whitespace " "
    KeyValue
      Symbol "NOPRIOR"
      Equals "="
      Int "1"
    Newline "\n"
    KeyValue
      Symbol "FILE"
      Equals "="
      Symbol "example1.ext"
  Newline "\n"
  Newline "\n"
  Comment "; Time for the standard error results."
  Newline "\n"
  Comment "; You may request a more precise gradient precision (SIGL)"
  Newline "\n"
  Comment "; that differed from that used during estimation."
  Newline "\n"
  Newline "\n"
  Covariance
    ControlRecord "$COV"
    Whitespace " "
    KeyValue
      Symbol "MATRIX"
      Equals "="
      Symbol "R"
    Whitespace " "
    KeyValue
      Symbol "PRINT"
      Equals "="
      Symbol "E"
    Whitespace " "
    Flag
      Symbol "UNCONDITIONAL"
      Whitespace " "
    KeyValue
      Symbol "SIGL"
      Equals "="
      Int "12"
  Newline "\n"
  Newline "\n"
  Comment "; Print out results in tables. Include some of the new weighted"
  Newline "\n"
  Comment "; residual types"
  Newline "\n"
  Newline "\n"
  Table
    ControlRecord "$TABLE"
    Whitespace " "
    Flag
      Symbol "ID"
      Whitespace " "
    Flag
      Symbol "TIME"
      Whitespace " "
    Flag
      Symbol "PRED"
      Whitespace " "
    Flag
      Symbol "RES"
      Whitespace " "
    Flag
      Symbol "WRES"
      Whitespace " "
    Flag
      Symbol "CPRED"
      Whitespace " "
    Flag
      Symbol "CWRES"
      Whitespace " "
    Flag
      Symbol "EPRED"
      Whitespace " "
    Flag
      Symbol "ERES"
      Whitespace " "
    Flag
      Symbol "EWRES"
      Whitespace " "
    Flag
      Symbol "NOAPPEND"
      Newline "\n"
    Flag
      Symbol "ONEHEADER"
      Whitespace " "
    KeyValue
      Symbol "FILE"
      Equals "="
      Symbol "example1.TAB"
    Whitespace " "
    Flag
      Symbol "NOPRINT"
      Newline "\n"
  Table
    ControlRecord "$TABLE"
    Whitespace " "
    Flag
      Symbol "ID"
      Whitespace " "
    Flag
      Symbol "CL"
      Whitespace " "
    Flag
      Symbol "V1"
      Whitespace " "
    Flag
      Symbol "Q"
      Whitespace " "
    Flag
      Symbol "V2"
      Whitespace " "
    Flag
      Symbol "FIRSTONLY"
      Whitespace " "
    Flag
      Symbol "NOAPPEND"
      Whitespace " "
    Flag
      Symbol "NOPRINT"
      Whitespace " "
    KeyValue
      Symbol "FILE"
      Equals "="
      Symbol "example1.PAR"
  Newline "\n"
  Table
    ControlRecord "$TABLE"
    Whitespace " "
    Flag
      Symbol "ID"
      Whitespace " "
    Flag
      Symbol "ETA1"
      Whitespace " "
    Flag
      Symbol "ETA2"
      Whitespace " "
    Flag
      Symbol "ETA3"
      Whitespace " "
    Flag
      Symbol "ETA4"
      Whitespace " "
    Flag
      Symbol "FIRSTONLY"
      Whitespace " "
    Flag
      Symbol "NOAPPEND"
      Newline "\n"
    Flag
      Symbol "NOPRINT"
      Whitespace " "
    KeyValue
      Symbol "FILE"
      Equals "="
      Symbol "example1.ETA"
  Newline "\n"
