---
source: components/nonmem/src/output_files/ext.rs
expression: "format!(\"{:#?}\", result)"
input_file: components/nonmem/test_data/ext/itsimp.ext
---
[
    EstimationResults {
        parameters: TableParameters {
            method: Some(
                Its,
            ),
            theta: [
                ThetaEstimate {
                    name: "THETA1",
                    estimate: 3.30275,
                    stderr: Some(
                        0.0380461,
                    ),
                    rse: Some(
                        1.1519521610778896,
                    ),
                    fixed: false,
                },
                ThetaEstimate {
                    name: "THETA2",
                    estimate: 3.25636,
                    stderr: Some(
                        0.028842,
                    ),
                    rse: Some(
                        0.8857128818680982,
                    ),
                    fixed: false,
                },
                ThetaEstimate {
                    name: "THETA3",
                    estimate: -0.611284,
                    stderr: Some(
                        0.0110937,
                    ),
                    rse: Some(
                        1.8148192983948537,
                    ),
                    fixed: false,
                },
                ThetaEstimate {
                    name: "THETA4",
                    estimate: -0.208127,
                    stderr: Some(
                        0.00842217,
                    ),
                    rse: Some(
                        4.046649401567312,
                    ),
                    fixed: false,
                },
                ThetaEstimate {
                    name: "THETA5",
                    estimate: 0.728967,
                    stderr: Some(
                        0.048389,
                    ),
                    rse: Some(
                        6.638023394749008,
                    ),
                    fixed: false,
                },
                ThetaEstimate {
                    name: "THETA6",
                    estimate: 1.13667,
                    stderr: Some(
                        0.0410429,
                    ),
                    rse: Some(
                        3.61080172785417,
                    ),
                    fixed: false,
                },
                ThetaEstimate {
                    name: "THETA7",
                    estimate: 0.337477,
                    stderr: Some(
                        0.013422,
                    ),
                    rse: Some(
                        3.9771599249726646,
                    ),
                    fixed: false,
                },
                ThetaEstimate {
                    name: "THETA8",
                    estimate: 0.191719,
                    stderr: Some(
                        0.0118567,
                    ),
                    rse: Some(
                        6.184415733443216,
                    ),
                    fixed: false,
                },
                ThetaEstimate {
                    name: "THETA9",
                    estimate: 0.691923,
                    stderr: Some(
                        0.010523,
                    ),
                    rse: Some(
                        1.5208339656291234,
                    ),
                    fixed: false,
                },
                ThetaEstimate {
                    name: "THETA10",
                    estimate: 2.2983,
                    stderr: Some(
                        0.00893687,
                    ),
                    rse: Some(
                        0.38884697385023714,
                    ),
                    fixed: false,
                },
                ThetaEstimate {
                    name: "THETA11",
                    estimate: 0.0999153,
                    stderr: Some(
                        0.00298448,
                    ),
                    rse: Some(
                        2.987009997467855,
                    ),
                    fixed: false,
                },
            ],
            random_effects: [
                RandomEffectEstimate {
                    name: "SIGMA(1,1)",
                    param_type: Sigma,
                    random_effect: "EPS1",
                    estimate: 1.0,
                    sd: None,
                    corr: None,
                    stderr: None,
                    rse: None,
                    shrinkage: None,
                    fixed: true,
                    diagonal: true,
                },
                RandomEffectEstimate {
                    name: "OMEGA(1,1)",
                    param_type: Omega,
                    random_effect: "ETA1",
                    estimate: 0.0102808,
                    sd: Some(
                        0.101394,
                    ),
                    corr: None,
                    stderr: Some(
                        0.00100672,
                    ),
                    rse: Some(
                        9.792234067387753,
                    ),
                    shrinkage: None,
                    fixed: false,
                    diagonal: true,
                },
                RandomEffectEstimate {
                    name: "OMEGA(2,1)",
                    param_type: Omega,
                    random_effect: "ETA1:ETA2",
                    estimate: 0.000165819,
                    sd: None,
                    corr: Some(
                        0.0183347,
                    ),
                    stderr: Some(
                        0.000865131,
                    ),
                    rse: Some(
                        521.7321296112026,
                    ),
                    shrinkage: None,
                    fixed: false,
                    diagonal: false,
                },
                RandomEffectEstimate {
                    name: "OMEGA(2,2)",
                    param_type: Omega,
                    random_effect: "ETA2",
                    estimate: 0.00795601,
                    sd: Some(
                        0.0891965,
                    ),
                    corr: None,
                    stderr: Some(
                        0.00149678,
                    ),
                    rse: Some(
                        18.813199078432532,
                    ),
                    shrinkage: None,
                    fixed: false,
                    diagonal: true,
                },
                RandomEffectEstimate {
                    name: "OMEGA(3,1)",
                    param_type: Omega,
                    random_effect: "ETA1:ETA3",
                    estimate: 0.00120055,
                    sd: None,
                    corr: Some(
                        0.118469,
                    ),
                    stderr: Some(
                        0.00129208,
                    ),
                    rse: Some(
                        107.62400566407062,
                    ),
                    shrinkage: None,
                    fixed: false,
                    diagonal: false,
                },
                RandomEffectEstimate {
                    name: "OMEGA(3,2)",
                    param_type: Omega,
                    random_effect: "ETA2:ETA3",
                    estimate: -0.000360578,
                    sd: None,
                    corr: Some(
                        -0.0404472,
                    ),
                    stderr: Some(
                        0.00143822,
                    ),
                    rse: Some(
                        398.86515538940256,
                    ),
                    shrinkage: None,
                    fixed: false,
                    diagonal: false,
                },
                RandomEffectEstimate {
                    name: "OMEGA(3,3)",
                    param_type: Omega,
                    random_effect: "ETA3",
                    estimate: 0.00998908,
                    sd: Some(
                        0.0999454,
                    ),
                    corr: None,
                    stderr: Some(
                        0.00282721,
                    ),
                    rse: Some(
                        28.303006883516808,
                    ),
                    shrinkage: None,
                    fixed: false,
                    diagonal: true,
                },
                RandomEffectEstimate {
                    name: "OMEGA(4,1)",
                    param_type: Omega,
                    random_effect: "ETA1:ETA4",
                    estimate: -0.000630844,
                    sd: None,
                    corr: Some(
                        -0.0630644,
                    ),
                    stderr: Some(
                        0.00111778,
                    ),
                    rse: Some(
                        177.18802112725177,
                    ),
                    shrinkage: None,
                    fixed: false,
                    diagonal: false,
                },
                RandomEffectEstimate {
                    name: "OMEGA(4,2)",
                    param_type: Omega,
                    random_effect: "ETA2:ETA4",
                    estimate: 0.000453655,
                    sd: None,
                    corr: Some(
                        0.0515529,
                    ),
                    stderr: Some(
                        0.00115593,
                    ),
                    rse: Some(
                        254.80376056695064,
                    ),
                    shrinkage: None,
                    fixed: false,
                    diagonal: false,
                },
                RandomEffectEstimate {
                    name: "OMEGA(4,3)",
                    param_type: Omega,
                    random_effect: "ETA3:ETA4",
                    estimate: 0.00202238,
                    sd: None,
                    corr: Some(
                        0.205105,
                    ),
                    stderr: Some(
                        0.00198475,
                    ),
                    rse: Some(
                        98.13932099803203,
                    ),
                    shrinkage: None,
                    fixed: false,
                    diagonal: false,
                },
                RandomEffectEstimate {
                    name: "OMEGA(4,4)",
                    param_type: Omega,
                    random_effect: "ETA4",
                    estimate: 0.00973306,
                    sd: Some(
                        0.0986563,
                    ),
                    corr: None,
                    stderr: Some(
                        0.00199998,
                    ),
                    rse: Some(
                        20.548316767799648,
                    ),
                    shrinkage: None,
                    fixed: false,
                    diagonal: true,
                },
            ],
        },
        minimization_results: MinimizationResults {
            ofv: Some(
                -10771.857820815105,
            ),
            condition_number: Some(
                241.05,
            ),
            termination_code: None,
        },
    },
    EstimationResults {
        parameters: TableParameters {
            method: Some(
                Imp,
            ),
            theta: [
                ThetaEstimate {
                    name: "THETA1",
                    estimate: 3.30073,
                    stderr: Some(
                        0.0291366,
                    ),
                    rse: Some(
                        0.8827320017087128,
                    ),
                    fixed: false,
                },
                ThetaEstimate {
                    name: "THETA2",
                    estimate: 3.2541,
                    stderr: Some(
                        0.0288953,
                    ),
                    rse: Some(
                        0.8879659506468761,
                    ),
                    fixed: false,
                },
                ThetaEstimate {
                    name: "THETA3",
                    estimate: -0.61237,
                    stderr: Some(
                        0.00848895,
                    ),
                    rse: Some(
                        1.386245243888499,
                    ),
                    fixed: false,
                },
                ThetaEstimate {
                    name: "THETA4",
                    estimate: -0.20862,
                    stderr: Some(
                        0.00833274,
                    ),
                    rse: Some(
                        3.994219154443486,
                    ),
                    fixed: false,
                },
                ThetaEstimate {
                    name: "THETA5",
                    estimate: 0.7376,
                    stderr: Some(
                        0.0332415,
                    ),
                    rse: Some(
                        4.506710954446855,
                    ),
                    fixed: false,
                },
                ThetaEstimate {
                    name: "THETA6",
                    estimate: 1.14159,
                    stderr: Some(
                        0.0324709,
                    ),
                    rse: Some(
                        2.8443574313019555,
                    ),
                    fixed: false,
                },
                ThetaEstimate {
                    name: "THETA7",
                    estimate: 0.334262,
                    stderr: Some(
                        0.0100751,
                    ),
                    rse: Some(
                        3.014132626502564,
                    ),
                    fixed: false,
                },
                ThetaEstimate {
                    name: "THETA8",
                    estimate: 0.190709,
                    stderr: Some(
                        0.00936532,
                    ),
                    rse: Some(
                        4.910790785961859,
                    ),
                    fixed: false,
                },
                ThetaEstimate {
                    name: "THETA9",
                    estimate: 0.690655,
                    stderr: Some(
                        0.0106777,
                    ),
                    rse: Some(
                        1.5460251500387312,
                    ),
                    fixed: false,
                },
                ThetaEstimate {
                    name: "THETA10",
                    estimate: 2.29873,
                    stderr: Some(
                        0.00865098,
                    ),
                    rse: Some(
                        0.3763373688949986,
                    ),
                    fixed: false,
                },
                ThetaEstimate {
                    name: "THETA11",
                    estimate: 0.100015,
                    stderr: Some(
                        0.00262794,
                    ),
                    rse: Some(
                        2.627545868119782,
                    ),
                    fixed: false,
                },
            ],
            random_effects: [
                RandomEffectEstimate {
                    name: "SIGMA(1,1)",
                    param_type: Sigma,
                    random_effect: "EPS1",
                    estimate: 1.0,
                    sd: None,
                    corr: None,
                    stderr: None,
                    rse: None,
                    shrinkage: None,
                    fixed: true,
                    diagonal: true,
                },
                RandomEffectEstimate {
                    name: "OMEGA(1,1)",
                    param_type: Omega,
                    random_effect: "ETA1",
                    estimate: 0.0103243,
                    sd: Some(
                        0.101609,
                    ),
                    corr: None,
                    stderr: Some(
                        0.000965618,
                    ),
                    rse: Some(
                        9.352866538167238,
                    ),
                    shrinkage: None,
                    fixed: false,
                    diagonal: true,
                },
                RandomEffectEstimate {
                    name: "OMEGA(2,1)",
                    param_type: Omega,
                    random_effect: "ETA1:ETA2",
                    estimate: 0.000195697,
                    sd: None,
                    corr: Some(
                        0.0215469,
                    ),
                    stderr: Some(
                        0.000840977,
                    ),
                    rse: Some(
                        429.7342320015126,
                    ),
                    shrinkage: None,
                    fixed: false,
                    diagonal: false,
                },
                RandomEffectEstimate {
                    name: "OMEGA(2,2)",
                    param_type: Omega,
                    random_effect: "ETA2",
                    estimate: 0.00798982,
                    sd: Some(
                        0.0893858,
                    ),
                    corr: None,
                    stderr: Some(
                        0.00127733,
                    ),
                    rse: Some(
                        15.986968417311026,
                    ),
                    shrinkage: None,
                    fixed: false,
                    diagonal: true,
                },
                RandomEffectEstimate {
                    name: "OMEGA(3,1)",
                    param_type: Omega,
                    random_effect: "ETA1:ETA3",
                    estimate: 0.00119334,
                    sd: None,
                    corr: Some(
                        0.118654,
                    ),
                    stderr: Some(
                        0.00120549,
                    ),
                    rse: Some(
                        101.01815073658807,
                    ),
                    shrinkage: None,
                    fixed: false,
                    diagonal: false,
                },
                RandomEffectEstimate {
                    name: "OMEGA(3,2)",
                    param_type: Omega,
                    random_effect: "ETA2:ETA3",
                    estimate: -0.000232896,
                    sd: None,
                    corr: Some(
                        -0.0263235,
                    ),
                    stderr: Some(
                        0.00134118,
                    ),
                    rse: Some(
                        575.8707749381698,
                    ),
                    shrinkage: None,
                    fixed: false,
                    diagonal: false,
                },
                RandomEffectEstimate {
                    name: "OMEGA(3,3)",
                    param_type: Omega,
                    random_effect: "ETA3",
                    estimate: 0.00979714,
                    sd: Some(
                        0.0989805,
                    ),
                    corr: None,
                    stderr: Some(
                        0.00267236,
                    ),
                    rse: Some(
                        27.27694000494022,
                    ),
                    shrinkage: None,
                    fixed: false,
                    diagonal: true,
                },
                RandomEffectEstimate {
                    name: "OMEGA(4,1)",
                    param_type: Omega,
                    random_effect: "ETA1:ETA4",
                    estimate: -0.000656799,
                    sd: None,
                    corr: Some(
                        -0.0655374,
                    ),
                    stderr: Some(
                        0.000882971,
                    ),
                    rse: Some(
                        134.4354970089784,
                    ),
                    shrinkage: None,
                    fixed: false,
                    diagonal: false,
                },
                RandomEffectEstimate {
                    name: "OMEGA(4,2)",
                    param_type: Omega,
                    random_effect: "ETA2:ETA4",
                    estimate: 0.000505325,
                    sd: None,
                    corr: Some(
                        0.0573179,
                    ),
                    stderr: Some(
                        0.00110316,
                    ),
                    rse: Some(
                        218.30703012912477,
                    ),
                    shrinkage: None,
                    fixed: false,
                    diagonal: false,
                },
                RandomEffectEstimate {
                    name: "OMEGA(4,3)",
                    param_type: Omega,
                    random_effect: "ETA3:ETA4",
                    estimate: 0.00192836,
                    sd: None,
                    corr: Some(
                        0.197527,
                    ),
                    stderr: Some(
                        0.00184392,
                    ),
                    rse: Some(
                        95.62114957787965,
                    ),
                    shrinkage: None,
                    fixed: false,
                    diagonal: false,
                },
                RandomEffectEstimate {
                    name: "OMEGA(4,4)",
                    param_type: Omega,
                    random_effect: "ETA4",
                    estimate: 0.00972803,
                    sd: Some(
                        0.0986308,
                    ),
                    corr: None,
                    stderr: Some(
                        0.00170672,
                    ),
                    rse: Some(
                        17.544353790027372,
                    ),
                    shrinkage: None,
                    fixed: false,
                    diagonal: true,
                },
            ],
        },
        minimization_results: MinimizationResults {
            ofv: Some(
                -10784.643844039994,
            ),
            condition_number: Some(
                126.99,
            ),
            termination_code: None,
        },
    },
]
