---
source: components/nonmem/src/output_files/mod.rs
expression: summary
input_file: components/nonmem/test_data/run_output/run003/run003.mod
---
Summary {
    run_name: "run003",
    lst: LstSummary {
        run_details: RunDetails {
            problem: "Base one-compartment oral absorption model created from pharos see run003_metadata.json for details.",
            number_data_records: 240,
            number_subjects: 30,
            number_obs: 210,
            estimation_time: [
                0.51,
            ],
            covariance_time: [
                0.25,
            ],
            postprocess_time: 0.04,
            estimation_methods: [
                "First Order Conditional Estimation with Interaction",
            ],
            function_evaluations: 379,
            significant_digits: 0,
            only_sim: false,
        },
        run_heuristics: RunHeuristics {
            covariance_step_aborted: None,
            eigenvalue_issues: None,
            parameter_near_boundary: None,
            hessian_reset: None,
            minimization_terminated: None,
        },
    },
    minimization_results: [
        MinimizationResults {
            ofv: Some(
                -109.82582410548454,
            ),
            condition_number: Some(
                6.17163,
            ),
            termination_code: None,
        },
    ],
    parameters: TableParameters {
        method: Some(
            Foce,
        ),
        theta: [
            ThetaEstimate {
                name: "THETA1",
                estimate: 1.32542,
                stderr: Some(
                    0.111484,
                ),
                rse: Some(
                    8.411220594226736,
                ),
                fixed: false,
            },
            ThetaEstimate {
                name: "THETA2",
                estimate: 40.1625,
                stderr: Some(
                    2.83899,
                ),
                rse: Some(
                    7.06875816993464,
                ),
                fixed: false,
            },
            ThetaEstimate {
                name: "THETA3",
                estimate: 1.21172,
                stderr: Some(
                    0.109747,
                ),
                rse: Some(
                    9.057125408510219,
                ),
                fixed: false,
            },
        ],
        random_effects: [
            RandomEffectEstimate {
                name: "SIGMA(1,1)",
                param_type: Sigma,
                random_effect: "EPS1",
                estimate: 0.0375371,
                sd: None,
                corr: None,
                stderr: Some(
                    0.00603493,
                ),
                rse: Some(
                    16.07724091632012,
                ),
                shrinkage: Some(
                    14.4219,
                ),
                fixed: false,
                diagonal: true,
            },
            RandomEffectEstimate {
                name: "SIGMA(2,2)",
                param_type: Sigma,
                random_effect: "EPS2",
                estimate: 0.00527228,
                sd: None,
                corr: None,
                stderr: Some(
                    0.00921096,
                ),
                rse: Some(
                    174.7054405304726,
                ),
                shrinkage: Some(
                    14.4219,
                ),
                fixed: false,
                diagonal: true,
            },
            RandomEffectEstimate {
                name: "OMEGA(1,1)",
                param_type: Omega,
                random_effect: "ETA1",
                estimate: 0.122342,
                sd: None,
                corr: None,
                stderr: Some(
                    0.0503554,
                ),
                rse: Some(
                    41.159536381618736,
                ),
                shrinkage: Some(
                    13.144,
                ),
                fixed: false,
                diagonal: true,
            },
            RandomEffectEstimate {
                name: "OMEGA(2,2)",
                param_type: Omega,
                random_effect: "ETA2",
                estimate: 0.123878,
                sd: None,
                corr: None,
                stderr: Some(
                    0.0367465,
                ),
                rse: Some(
                    29.663459209867778,
                ),
                shrinkage: Some(
                    4.63131,
                ),
                fixed: false,
                diagonal: true,
            },
            RandomEffectEstimate {
                name: "OMEGA(3,3)",
                param_type: Omega,
                random_effect: "ETA3",
                estimate: 0.122412,
                sd: None,
                corr: None,
                stderr: Some(
                    0.0562781,
                ),
                rse: Some(
                    45.97433258177303,
                ),
                shrinkage: Some(
                    24.3376,
                ),
                fixed: false,
                diagonal: true,
            },
        ],
    },
    parameter_names: {
        "OMEGA(1,1)": None,
        "OMEGA(2,1)": None,
        "OMEGA(2,2)": None,
        "OMEGA(3,3)": None,
        "SIGMA(1,1)": None,
        "SIGMA(2,2)": None,
        "THETA1": None,
        "THETA2": None,
        "THETA3": None,
    },
    correlation_matrix: Some(
        CorrelationMatrix {
            method: Some(
                Foce,
            ),
            parameters: [
                "THETA1",
                "THETA2",
                "THETA3",
                "SIGMA(1,1)",
                "SIGMA(2,1)",
                "SIGMA(2,2)",
                "OMEGA(1,1)",
                "OMEGA(2,1)",
                "OMEGA(2,2)",
                "OMEGA(3,1)",
                "OMEGA(3,2)",
                "OMEGA(3,3)",
            ],
            correlations: [
                CorrelationEntry {
                    param1: "THETA1",
                    param2: "THETA2",
                    value: 0.251937,
                },
                CorrelationEntry {
                    param1: "THETA1",
                    param2: "THETA3",
                    value: -0.223603,
                },
                CorrelationEntry {
                    param1: "THETA1",
                    param2: "SIGMA(1,1)",
                    value: 0.0784304,
                },
                CorrelationEntry {
                    param1: "THETA1",
                    param2: "SIGMA(2,2)",
                    value: -0.0687993,
                },
                CorrelationEntry {
                    param1: "THETA1",
                    param2: "OMEGA(1,1)",
                    value: -0.0281574,
                },
                CorrelationEntry {
                    param1: "THETA1",
                    param2: "OMEGA(2,1)",
                    value: 0.120635,
                },
                CorrelationEntry {
                    param1: "THETA1",
                    param2: "OMEGA(2,2)",
                    value: -0.0466875,
                },
                CorrelationEntry {
                    param1: "THETA1",
                    param2: "OMEGA(3,3)",
                    value: 0.00613079,
                },
                CorrelationEntry {
                    param1: "THETA2",
                    param2: "THETA1",
                    value: 0.251937,
                },
                CorrelationEntry {
                    param1: "THETA2",
                    param2: "THETA3",
                    value: 0.22915,
                },
                CorrelationEntry {
                    param1: "THETA2",
                    param2: "SIGMA(1,1)",
                    value: 0.0487065,
                },
                CorrelationEntry {
                    param1: "THETA2",
                    param2: "SIGMA(2,2)",
                    value: 0.0140671,
                },
                CorrelationEntry {
                    param1: "THETA2",
                    param2: "OMEGA(1,1)",
                    value: 0.021032,
                },
                CorrelationEntry {
                    param1: "THETA2",
                    param2: "OMEGA(2,1)",
                    value: -0.0382911,
                },
                CorrelationEntry {
                    param1: "THETA2",
                    param2: "OMEGA(2,2)",
                    value: 0.0135108,
                },
                CorrelationEntry {
                    param1: "THETA2",
                    param2: "OMEGA(3,3)",
                    value: 0.0087999,
                },
                CorrelationEntry {
                    param1: "THETA3",
                    param2: "THETA1",
                    value: -0.223603,
                },
                CorrelationEntry {
                    param1: "THETA3",
                    param2: "THETA2",
                    value: 0.22915,
                },
                CorrelationEntry {
                    param1: "THETA3",
                    param2: "SIGMA(1,1)",
                    value: 0.0157058,
                },
                CorrelationEntry {
                    param1: "THETA3",
                    param2: "SIGMA(2,2)",
                    value: -0.0215208,
                },
                CorrelationEntry {
                    param1: "THETA3",
                    param2: "OMEGA(1,1)",
                    value: 0.0309264,
                },
                CorrelationEntry {
                    param1: "THETA3",
                    param2: "OMEGA(2,1)",
                    value: -0.0456352,
                },
                CorrelationEntry {
                    param1: "THETA3",
                    param2: "OMEGA(2,2)",
                    value: 0.0225735,
                },
                CorrelationEntry {
                    param1: "THETA3",
                    param2: "OMEGA(3,3)",
                    value: 0.0747497,
                },
                CorrelationEntry {
                    param1: "SIGMA(1,1)",
                    param2: "THETA1",
                    value: 0.0784304,
                },
                CorrelationEntry {
                    param1: "SIGMA(1,1)",
                    param2: "THETA2",
                    value: 0.0487065,
                },
                CorrelationEntry {
                    param1: "SIGMA(1,1)",
                    param2: "THETA3",
                    value: 0.0157058,
                },
                CorrelationEntry {
                    param1: "SIGMA(1,1)",
                    param2: "SIGMA(2,2)",
                    value: -0.56764,
                },
                CorrelationEntry {
                    param1: "SIGMA(1,1)",
                    param2: "OMEGA(1,1)",
                    value: 0.0329664,
                },
                CorrelationEntry {
                    param1: "SIGMA(1,1)",
                    param2: "OMEGA(2,1)",
                    value: 0.00247741,
                },
                CorrelationEntry {
                    param1: "SIGMA(1,1)",
                    param2: "OMEGA(2,2)",
                    value: -0.106595,
                },
                CorrelationEntry {
                    param1: "SIGMA(1,1)",
                    param2: "OMEGA(3,3)",
                    value: -0.130607,
                },
                CorrelationEntry {
                    param1: "SIGMA(2,2)",
                    param2: "THETA1",
                    value: -0.0687993,
                },
                CorrelationEntry {
                    param1: "SIGMA(2,2)",
                    param2: "THETA2",
                    value: 0.0140671,
                },
                CorrelationEntry {
                    param1: "SIGMA(2,2)",
                    param2: "THETA3",
                    value: -0.0215208,
                },
                CorrelationEntry {
                    param1: "SIGMA(2,2)",
                    param2: "SIGMA(1,1)",
                    value: -0.56764,
                },
                CorrelationEntry {
                    param1: "SIGMA(2,2)",
                    param2: "OMEGA(1,1)",
                    value: -0.151089,
                },
                CorrelationEntry {
                    param1: "SIGMA(2,2)",
                    param2: "OMEGA(2,1)",
                    value: 0.00966535,
                },
                CorrelationEntry {
                    param1: "SIGMA(2,2)",
                    param2: "OMEGA(2,2)",
                    value: 0.0780732,
                },
                CorrelationEntry {
                    param1: "SIGMA(2,2)",
                    param2: "OMEGA(3,3)",
                    value: 0.0527732,
                },
                CorrelationEntry {
                    param1: "OMEGA(1,1)",
                    param2: "THETA1",
                    value: -0.0281574,
                },
                CorrelationEntry {
                    param1: "OMEGA(1,1)",
                    param2: "THETA2",
                    value: 0.021032,
                },
                CorrelationEntry {
                    param1: "OMEGA(1,1)",
                    param2: "THETA3",
                    value: 0.0309264,
                },
                CorrelationEntry {
                    param1: "OMEGA(1,1)",
                    param2: "SIGMA(1,1)",
                    value: 0.0329664,
                },
                CorrelationEntry {
                    param1: "OMEGA(1,1)",
                    param2: "SIGMA(2,2)",
                    value: -0.151089,
                },
                CorrelationEntry {
                    param1: "OMEGA(1,1)",
                    param2: "OMEGA(2,1)",
                    value: 0.485206,
                },
                CorrelationEntry {
                    param1: "OMEGA(1,1)",
                    param2: "OMEGA(2,2)",
                    value: 0.0752385,
                },
                CorrelationEntry {
                    param1: "OMEGA(1,1)",
                    param2: "OMEGA(3,3)",
                    value: -0.17692,
                },
                CorrelationEntry {
                    param1: "OMEGA(2,1)",
                    param2: "THETA1",
                    value: 0.120635,
                },
                CorrelationEntry {
                    param1: "OMEGA(2,1)",
                    param2: "THETA2",
                    value: -0.0382911,
                },
                CorrelationEntry {
                    param1: "OMEGA(2,1)",
                    param2: "THETA3",
                    value: -0.0456352,
                },
                CorrelationEntry {
                    param1: "OMEGA(2,1)",
                    param2: "SIGMA(1,1)",
                    value: 0.00247741,
                },
                CorrelationEntry {
                    param1: "OMEGA(2,1)",
                    param2: "SIGMA(2,2)",
                    value: 0.00966535,
                },
                CorrelationEntry {
                    param1: "OMEGA(2,1)",
                    param2: "OMEGA(1,1)",
                    value: 0.485206,
                },
                CorrelationEntry {
                    param1: "OMEGA(2,1)",
                    param2: "OMEGA(2,2)",
                    value: 0.475259,
                },
                CorrelationEntry {
                    param1: "OMEGA(2,1)",
                    param2: "OMEGA(3,3)",
                    value: 0.0566428,
                },
                CorrelationEntry {
                    param1: "OMEGA(2,2)",
                    param2: "THETA1",
                    value: -0.0466875,
                },
                CorrelationEntry {
                    param1: "OMEGA(2,2)",
                    param2: "THETA2",
                    value: 0.0135108,
                },
                CorrelationEntry {
                    param1: "OMEGA(2,2)",
                    param2: "THETA3",
                    value: 0.0225735,
                },
                CorrelationEntry {
                    param1: "OMEGA(2,2)",
                    param2: "SIGMA(1,1)",
                    value: -0.106595,
                },
                CorrelationEntry {
                    param1: "OMEGA(2,2)",
                    param2: "SIGMA(2,2)",
                    value: 0.0780732,
                },
                CorrelationEntry {
                    param1: "OMEGA(2,2)",
                    param2: "OMEGA(1,1)",
                    value: 0.0752385,
                },
                CorrelationEntry {
                    param1: "OMEGA(2,2)",
                    param2: "OMEGA(2,1)",
                    value: 0.475259,
                },
                CorrelationEntry {
                    param1: "OMEGA(2,2)",
                    param2: "OMEGA(3,3)",
                    value: 0.106492,
                },
                CorrelationEntry {
                    param1: "OMEGA(3,3)",
                    param2: "THETA1",
                    value: 0.00613079,
                },
                CorrelationEntry {
                    param1: "OMEGA(3,3)",
                    param2: "THETA2",
                    value: 0.0087999,
                },
                CorrelationEntry {
                    param1: "OMEGA(3,3)",
                    param2: "THETA3",
                    value: 0.0747497,
                },
                CorrelationEntry {
                    param1: "OMEGA(3,3)",
                    param2: "SIGMA(1,1)",
                    value: -0.130607,
                },
                CorrelationEntry {
                    param1: "OMEGA(3,3)",
                    param2: "SIGMA(2,2)",
                    value: 0.0527732,
                },
                CorrelationEntry {
                    param1: "OMEGA(3,3)",
                    param2: "OMEGA(1,1)",
                    value: -0.17692,
                },
                CorrelationEntry {
                    param1: "OMEGA(3,3)",
                    param2: "OMEGA(2,1)",
                    value: 0.0566428,
                },
                CorrelationEntry {
                    param1: "OMEGA(3,3)",
                    param2: "OMEGA(2,2)",
                    value: 0.106492,
                },
            ],
        },
    ),
}
