---
source: components/nonmem/src/parser/lexer.rs
expression: lex(&input)
input_file: components/nonmem/test_data/lexer/bql.mod
---
[
    CONTROL_RECORD(PROBLEM),
    PROBLEM(" RUN# 2 - 2cmpt model - no BQLs\n"),
    CONTROL_RECORD(INPUT),
    WHITESPACE(" "),
    IDENT(C),
    WHITESPACE(" "),
    IDENT(ID),
    WHITESPACE(" "),
    IDENT(TIME),
    WHITESPACE(" "),
    IDENT(DV),
    WHITESPACE(" "),
    IDENT(AMT),
    WHITESPACE(" "),
    IDENT(EVID),
    WHITESPACE(" "),
    IDENT(AGE),
    WHITESPACE(" "),
    IDENT(WT),
    WHITESPACE(" "),
    IDENT(MDV),
    WHITESPACE("\n"),
    CONTROL_RECORD(DATA),
    WHITESPACE(" "),
    IDENT(nobqldata.csv),
    WHITESPACE(" "),
    IDENT(IGNORE),
    EQUALS,
    IDENT(C),
    WHITESPACE("\n"),
    CONTROL_RECORD(SUBROUTINES),
    WHITESPACE(" "),
    KEYWORD(ADVAN4),
    WHITESPACE(" "),
    KEYWORD(TRANS4),
    WHITESPACE("\n"),
    CONTROL_RECORD(PK),
    IGNORED("\n    TVCL = THETA(1)*(WT/70)**THETA(6)\n    CL   = TVCL * EXP(ETA(1))\n\n"),
    CONTROL_RECORD(ERROR),
    IGNORED("\n     IPRED = F\n    Y = F*EXP(ERR(1))\n\n "),
    CONTROL_RECORD(THETA),
    WHITESPACE("\n    "),
    LEFT_PAREN,
    NUMBER(0),
    COMMA,
    WHITESPACE(" "),
    NUMBER(26),
    RIGHT_PAREN,
    COMMENT(       1    CLF),
    WHITESPACE("\n    "),
    LEFT_PAREN,
    NUMBER(0),
    COMMA,
    WHITESPACE(" "),
    NUMBER(280),
    RIGHT_PAREN,
    COMMENT(      2    V2F),
    WHITESPACE("\n    "),
    LEFT_PAREN,
    NUMBER(0),
    COMMA,
    WHITESPACE(" "),
    NUMBER(300),
    RIGHT_PAREN,
    COMMENT(      3    V3F),
    WHITESPACE("\n    "),
    LEFT_PAREN,
    NUMBER(0),
    COMMA,
    WHITESPACE("  "),
    NUMBER(60),
    RIGHT_PAREN,
    WHITESPACE("  "),
    COMMENT( 4    QF),
    WHITESPACE("\n    "),
    LEFT_PAREN,
    NUMBER(0),
    COMMA,
    WHITESPACE(" "),
    NUMBER(1.5),
    RIGHT_PAREN,
    WHITESPACE("   "),
    COMMENT( 5    KA),
    WHITESPACE("\n    "),
    LEFT_PAREN,
    NUMBER(0.75),
    WHITESPACE(" "),
    IDENT(FIX)),
    WHITESPACE("      "),
    COMMENT( 6 POW_CL),
    WHITESPACE("\n    "),
    LEFT_PAREN,
    NUMBER(1),
    WHITESPACE(" "),
    IDENT(FIX)),
    WHITESPACE("         "),
    COMMENT( 7 POW_V2),
    WHITESPACE("\n    "),
    LEFT_PAREN,
    NUMBER(1),
    WHITESPACE(" "),
    IDENT(FIX)),
    WHITESPACE("         "),
    COMMENT( 8 POW_V3),
    WHITESPACE("\n    "),
    LEFT_PAREN,
    NUMBER(0.75),
    WHITESPACE(" "),
    IDENT(FIX)),
    WHITESPACE("      "),
    COMMENT( 9 POW_Q),
    WHITESPACE("\n"),
    CONTROL_RECORD(OMEGA),
    WHITESPACE(" "),
    NUMBER(0.1),
    WHITESPACE("\n"),
    CONTROL_RECORD(OMEGA),
    WHITESPACE(" "),
    NUMBER(0.04),
    WHITESPACE("\n"),
    CONTROL_RECORD(OMEGA),
    WHITESPACE(" "),
    NUMBER(0.01),
    WHITESPACE("\n"),
    CONTROL_RECORD(SIGMA),
    WHITESPACE(" "),
    NUMBER(0.0025),
    WHITESPACE(" "),
    COMMENT( pro res error),
    WHITESPACE("\n"),
    CONTROL_RECORD(COV),
    WHITESPACE(" "),
    KEYWORD(PRINT),
    EQUALS,
    IDENT(E),
    WHITESPACE("\n"),
    CONTROL_RECORD(EST),
    WHITESPACE(" "),
    KEYWORD(MAXEVAL),
    EQUALS,
    NUMBER(9999),
    WHITESPACE(" "),
    KEYWORD(METHOD),
    EQUALS,
    NUMBER(1),
    WHITESPACE(" "),
    KEYWORD(INTER),
    WHITESPACE(" "),
    KEYWORD(PRINT),
    EQUALS,
    NUMBER(5),
    WHITESPACE(" "),
    KEYWORD(MSFO),
    EQUALS,
    IDENT(../2.MSF),
    WHITESPACE("\n"),
    CONTROL_RECORD(TABLE),
    WHITESPACE(" "),
    IDENT(ID),
    WHITESPACE(" "),
    IDENT(TIME),
    WHITESPACE(" "),
    IDENT(AMT),
    WHITESPACE(" "),
    IDENT(EVID),
    WHITESPACE(" "),
    IDENT(IPRED),
    WHITESPACE(" "),
    IDENT(AGE),
    WHITESPACE(" "),
    IDENT(WT),
    WHITESPACE(" "),
    IDENT(MDV),
    WHITESPACE(" "),
    KEYWORD(ONEHEADER),
    WHITESPACE(" "),
    KEYWORD(NOPRINT),
    WHITESPACE(" "),
    KEYWORD(FILE),
    EQUALS,
    IDENT(../2.TAB),
    WHITESPACE("\n"),
    CONTROL_RECORD(TABLE),
    WHITESPACE(" "),
    IDENT(ID),
    WHITESPACE(" "),
    IDENT(TIME),
    WHITESPACE(" "),
    IDENT(AMT),
    WHITESPACE(" "),
    IDENT(EVID),
    WHITESPACE(" "),
    IDENT(AGE),
    WHITESPACE(" "),
    IDENT(WT),
    WHITESPACE(" "),
    IDENT(MDV),
    WHITESPACE("  "),
    IDENT(KA),
    WHITESPACE(" "),
    IDENT(CL),
    WHITESPACE(" "),
    IDENT(V2),
    WHITESPACE(" "),
    IDENT(V3),
    WHITESPACE(" "),
    IDENT(Q),
    WHITESPACE(" "),
    IDENT(BETA),
    WHITESPACE(" "),
    IDENT(HLBE),
    WHITESPACE("\n"),
    KEYWORD(ONEHEADER),
    WHITESPACE(" "),
    KEYWORD(NOPRINT),
    WHITESPACE(" "),
    KEYWORD(FILE),
    EQUALS,
    IDENT(../2par.TAB),
]
