---
source: components/nonmem/src/parsing/parser.rs
expression: model
input_file: components/nonmem/test_data/parser/theta_extended.mod
---
Model {
    problem: "Test extended theta syntax perturbation",
    input_columns: [
        Included(
            "ID",
        ),
        Included(
            "TIME",
        ),
        Included(
            "DV",
        ),
    ],
    data: Data {
        path: "../data.csv",
        ignore: [],
        accept: [],
        num_records: None,
        null_value: None,
    },
    subroutines: [],
    theta_parameters: [
        Parameter {
            name: None,
            lower_bound: Some(
                0.0,
            ),
            initial_value: 1.0,
            upper_bound: None,
            is_fixed: false,
            comment: Some(
                "Test 1: Basic x2",
            ),
            parsed_comment: None,
        },
        Parameter {
            name: None,
            lower_bound: Some(
                0.0,
            ),
            initial_value: 1.0,
            upper_bound: None,
            is_fixed: false,
            comment: Some(
                "Test 1: Basic x2",
            ),
            parsed_comment: None,
        },
        Parameter {
            name: Some(
                "CL",
            ),
            lower_bound: Some(
                0.0,
            ),
            initial_value: 1.0,
            upper_bound: None,
            is_fixed: false,
            comment: Some(
                "Test 2: Named x2",
            ),
            parsed_comment: None,
        },
        Parameter {
            name: None,
            lower_bound: Some(
                0.0,
            ),
            initial_value: 1.0,
            upper_bound: None,
            is_fixed: false,
            comment: Some(
                "Test 2: Named x2",
            ),
            parsed_comment: None,
        },
        Parameter {
            name: Some(
                "A",
            ),
            lower_bound: Some(
                0.0,
            ),
            initial_value: 1.0,
            upper_bound: None,
            is_fixed: false,
            comment: Some(
                "Test 3: NAMES only",
            ),
            parsed_comment: None,
        },
        Parameter {
            name: Some(
                "B",
            ),
            lower_bound: Some(
                0.0,
            ),
            initial_value: 2.0,
            upper_bound: None,
            is_fixed: false,
            comment: Some(
                "Test 3: NAMES only",
            ),
            parsed_comment: None,
        },
        Parameter {
            name: Some(
                "C",
            ),
            lower_bound: Some(
                0.0,
            ),
            initial_value: 3.0,
            upper_bound: None,
            is_fixed: false,
            comment: Some(
                "Test 3: NAMES only",
            ),
            parsed_comment: None,
        },
        Parameter {
            name: Some(
                "A",
            ),
            lower_bound: Some(
                0.0,
            ),
            initial_value: 1.0,
            upper_bound: None,
            is_fixed: false,
            comment: Some(
                "Test 4: NAMES+x3",
            ),
            parsed_comment: None,
        },
        Parameter {
            name: Some(
                "B",
            ),
            lower_bound: Some(
                0.0,
            ),
            initial_value: 1.0,
            upper_bound: None,
            is_fixed: false,
            comment: Some(
                "Test 4: NAMES+x3",
            ),
            parsed_comment: None,
        },
        Parameter {
            name: Some(
                "C",
            ),
            lower_bound: Some(
                0.0,
            ),
            initial_value: 1.0,
            upper_bound: None,
            is_fixed: false,
            comment: Some(
                "Test 4: NAMES+x3",
            ),
            parsed_comment: None,
        },
        Parameter {
            name: Some(
                "CL",
            ),
            lower_bound: Some(
                0.0,
            ),
            initial_value: 1.0,
            upper_bound: None,
            is_fixed: false,
            comment: Some(
                "Test 5: NAMES+named",
            ),
            parsed_comment: None,
        },
        Parameter {
            name: Some(
                "B",
            ),
            lower_bound: Some(
                0.0,
            ),
            initial_value: 2.0,
            upper_bound: None,
            is_fixed: false,
            comment: Some(
                "Test 5: NAMES+named",
            ),
            parsed_comment: None,
        },
        Parameter {
            name: Some(
                "C",
            ),
            lower_bound: Some(
                0.0,
            ),
            initial_value: 3.0,
            upper_bound: None,
            is_fixed: false,
            comment: Some(
                "Test 5: NAMES+named",
            ),
            parsed_comment: None,
        },
        Parameter {
            name: Some(
                "CL",
            ),
            lower_bound: Some(
                0.0,
            ),
            initial_value: 1.0,
            upper_bound: None,
            is_fixed: false,
            comment: Some(
                "Test 6: NAMES+named x2",
            ),
            parsed_comment: None,
        },
        Parameter {
            name: Some(
                "B",
            ),
            lower_bound: Some(
                0.0,
            ),
            initial_value: 1.0,
            upper_bound: None,
            is_fixed: false,
            comment: Some(
                "Test 6: NAMES+named x2",
            ),
            parsed_comment: None,
        },
        Parameter {
            name: Some(
                "C",
            ),
            lower_bound: Some(
                0.0,
            ),
            initial_value: 3.0,
            upper_bound: None,
            is_fixed: false,
            comment: Some(
                "Test 6: NAMES+named x2",
            ),
            parsed_comment: None,
        },
        Parameter {
            name: Some(
                "CL",
            ),
            lower_bound: Some(
                0.0,
            ),
            initial_value: 1.0,
            upper_bound: None,
            is_fixed: false,
            comment: Some(
                "Test 7: Multi named",
            ),
            parsed_comment: None,
        },
        Parameter {
            name: Some(
                "V",
            ),
            lower_bound: Some(
                0.0,
            ),
            initial_value: 2.0,
            upper_bound: None,
            is_fixed: false,
            comment: Some(
                "Test 7: Multi named",
            ),
            parsed_comment: None,
        },
        Parameter {
            name: None,
            lower_bound: Some(
                0.0,
            ),
            initial_value: 3.0,
            upper_bound: None,
            is_fixed: false,
            comment: Some(
                "Test 7: Multi named",
            ),
            parsed_comment: None,
        },
        Parameter {
            name: Some(
                "CL",
            ),
            lower_bound: Some(
                0.0,
            ),
            initial_value: 1.0,
            upper_bound: None,
            is_fixed: false,
            comment: Some(
                "Test 8: Named x2+reg",
            ),
            parsed_comment: None,
        },
        Parameter {
            name: None,
            lower_bound: Some(
                0.0,
            ),
            initial_value: 1.0,
            upper_bound: None,
            is_fixed: false,
            comment: Some(
                "Test 8: Named x2+reg",
            ),
            parsed_comment: None,
        },
        Parameter {
            name: None,
            lower_bound: Some(
                0.0,
            ),
            initial_value: 3.0,
            upper_bound: None,
            is_fixed: false,
            comment: Some(
                "Test 8: Named x2+reg",
            ),
            parsed_comment: None,
        },
    ],
    omega_blocks: [],
    sigma_blocks: [],
    estimations: [],
    tables: [],
    simulation: None,
    covariance: None,
}
