---
source: components/nonmem/src/scm/snapshot_tests.rs
expression: text
---
<scm plan> [TMP]/scm/1001/plan.json
model      : [TMP]/1001.mod
out dir    : [TMP]/scm/1001
direction  : forward -> backward
forward    : alpha 0.05
backward   : alpha 0.001
on failure : retry up to 3x from the previous attempt's estimates
cov step   : off
candidates :
  name         theta      initial    off
  WT_CL        THETA(4)       0.4      0
  CRCL_CL      THETA(5)       0.1      0
  WT_V         THETA(6)       0.1      0
             (initial: where the effect is released when first tested; off: what it is fixed at when held out)
max models : 13 (incl. reference fit, excl. retries)
warning: cov_step is off: the template's $COVARIANCE record will be removed from generated models
