---
source: components/nonmem/src/scm/snapshot_tests.rs
assertion_line: 321
expression: built.plan.to_json().unwrap()
---
{
  "schema_version": 2,
  "created": "[TIMESTAMP]",
  "pharos_version": "test",
  "model": "1001.mod",
  "out_dir": "scm/1001",
  "candidates": [
    {
      "name": "WT_CL",
      "theta": 4,
      "initial": 0.1,
      "fixed": 0.0
    },
    {
      "name": "CRCL_CL",
      "theta": 5,
      "initial": 0.1,
      "fixed": 0.0
    },
    {
      "name": "WT_V",
      "theta": 6,
      "initial": 0.1,
      "fixed": 0.0
    }
  ],
  "max_models": 7,
  "options": {
    "direction": [
      "backward"
    ],
    "forward_alpha": 0.05,
    "backward_alpha": 0.001,
    "num_rounds": null,
    "max_retries": 3,
    "cov_step": false,
    "final_cov_step": true,
    "overwrite": false
  }
}
