---
source: components/nonmem/src/scm/snapshot_tests.rs
expression: text
---
<scm plan> [TMP]/scm/1001/plan.json
model      : [TMP]/1001.mod
out dir    : [TMP]/scm/1001
direction  : backward
backward   : alpha 0.001
on failure : retry up to 3x from the previous attempt's estimates
cov step   : off
candidates :
  WT_CL        THETA(4) -> released at 0.1 when first tested
  CRCL_CL      THETA(5) -> released at 0.1 when first tested
  WT_V         THETA(6) -> released at 0.1 when first tested
max models : 7 (incl. reference fit, excl. retries)
warning: cov_step is off: the template's $COVARIANCE record will be removed from generated models
