---
source: components/nonmem/src/scm/snapshot_tests.rs
assertion_line: 867
expression: text
---
<scm summary> scm/1001   failed (updated [TIMESTAMP]) · forward · no rounds complete
model      : 1001.mod   alphas: forward 0.05   cov step: off
candidates : WT_CL, CRCL_CL, WT_V
note       : reference model (base) failed after 2 attempt(s); the SCM process cannot start
retained   : none
rounds     :
  reference          base model failed after 2 attempt(s) [1 retry]

records    : scm_summary.{json,md} · round_summary.{json,md} in each round dir
