---
source: components/nonmem/src/scm/snapshot_tests.rs
assertion_line: 228
expression: read(&init.config_path)
---
# SCM setup for 1001.mod, written by SCM init.
#
# This file lives in the SCM process's own directory, scm/1001/, beside
# everything the process writes.
#
# Fill in `effects` under [covariates] below, then plan and run the SCM process.
#
# Paths resolve against this file's own directory, so the SCM process runs
# from anywhere — which is why the model two levels up is named ../../.

model = "../../1001.mod"

# Which phases to run: "forward", "backward", or both. Forward always
# runs before backward.
direction = ["forward", "backward"]

# The optional settings, at their defaults: change any of these as you
# need to.
forward_alpha = 0.05     # p-value to add a covariate in forward selection
backward_alpha = 0.001   # p-value to keep a covariate in backward elimination
max_retries = 3          # retries per failed fit, each from the previous attempt's estimates
cov_step = false         # whether generated models run $COVARIANCE
final_cov_step = true    # whether the final model is re-fitted with $COVARIANCE on at the end

# Every covariate effect to be tested — insert all of them here, named the
# way the initial model's $THETA records name it.
#
# The covariates can be entered just by their name, as in Example 1, and will
# use the defaults for 'initial' and 'fixed' listed below, unless otherwise
# specified in your initial model. Otherwise, the covariates can also be entered
# like in Example 2. This allows you to control their initial estimates, fixed
# values, lower, or upper bounds as needed.
#
#   effects = [
#     # Example 1
#     "WT_CL", "CRCL_CL",
#     # Example 2
#     { name = "SEXEFF_CL", initial = 1.2, fixed = 1, lower = 0, upper = 5 },
#   ]
#
[covariates]
initial = 0.1            # default initial estimate for an effect the first time it is tested, unless the initial model gives it one
fixed = 0                # default value a held-out effect's theta is fixed at
effects = []
