---
source: components/nonmem/src/scm/snapshot_tests.rs
expression: read(&plan.out_dir_path().join(SCM_SUMMARY_FILENAME))
---
{
  "schema_version": 2,
  "generated": "[TIMESTAMP]",
  "pharos_version": "test",
  "plan_digest": "[DIGEST]",
  "template_model": "[TMP]/1001.mod",
  "out_dir": "[TMP]/scm/1001",
  "options": {
    "direction": [
      "forward",
      "backward"
    ],
    "forward_alpha": 0.05,
    "backward_alpha": 0.001,
    "num_rounds": null,
    "max_retries": 3,
    "cov_step": false,
    "overwrite": false
  },
  "status": "completed",
  "message": null,
  "phase": null,
  "roster": [
    {
      "name": "WT_CL",
      "theta": 4,
      "initial": 0.1,
      "off": 0.0
    },
    {
      "name": "CRCL_CL",
      "theta": 5,
      "initial": 0.1,
      "off": 0.0
    },
    {
      "name": "WT_V",
      "theta": 6,
      "initial": 0.1,
      "off": 0.0
    }
  ],
  "retained": [
    "WT_CL"
  ],
  "final_model": "final/1001_scm_final.mod",
  "final_ofv": 980.0,
  "pending_tie": null,
  "totals": {
    "rounds_complete": 5,
    "models_fitted": 11,
    "retries": 1,
    "unusable": 0,
    "withdrawn": 0,
    "timing": {
      "started": null,
      "ended": null,
      "wall_seconds": null,
      "estimation_seconds": 11.0
    }
  },
  "rounds": [
    {
      "schema_version": 2,
      "generated": "[TIMESTAMP]",
      "plan_digest": "[DIGEST]",
      "template_model": "[TMP]/1001.mod",
      "round": "reference",
      "direction": "forward",
      "index": 0,
      "phase_index": 0,
      "complete": true,
      "reference_model": "-",
      "reference_ofv": null,
      "reference_parameters": null,
      "alpha": null,
      "retained_before": [],
      "retained_after": [],
      "removed_before": [],
      "counts": {
        "candidates": 1,
        "succeeded": 1,
        "unusable": 0,
        "withdrawn": 0,
        "retries": 0
      },
      "all_succeeded": true,
      "any_heuristics": false,
      "any_unusable": false,
      "winner": null,
      "decision": "base model fitted (OFV 1000.000)",
      "scm_status": "completed",
      "next": "SCM process complete; final model at final/1001_scm_final.mod",
      "timing": {
        "started": null,
        "ended": null,
        "wall_seconds": null,
        "estimation_seconds": 1.0
      },
      "candidates": [
        {
          "candidate": "base",
          "action": "fit base model",
          "status": "succeeded",
          "model": "base/1001_base.mod",
          "selected": false,
          "rank": null,
          "thetas": [],
          "initial": null,
          "off": null,
          "ofv": 1000.0,
          "reference_ofv": null,
          "delta_ofv": null,
          "statistic": null,
          "df": 0,
          "p_value": null,
          "alpha": null,
          "critical_delta_ofv": null,
          "significant": null,
          "heuristics": [],
          "attempts": [
            {
              "model": "base/1001_base.mod",
              "outcome": "succeeded",
              "timing": {
                "started": null,
                "ended": null,
                "wall_seconds": null,
                "estimation_seconds": 1.0
              }
            }
          ],
          "fit": {
            "termination_code": null,
            "condition_number": null,
            "minimization_terminated": false,
            "program_aborted": false,
            "covariance_step_aborted": null,
            "eigenvalue_issues": null,
            "parameter_near_boundary": false,
            "hessian_reset": false,
            "significant_digits": null,
            "function_evaluations": 123,
            "estimation_seconds": 1.0,
            "covariance_seconds": null,
            "number_subjects": null,
            "number_obs": null,
            "estimation_methods": []
          },
          "effect_estimates": [],
          "iiv": [],
          "parameters": {
            "thetas": [
              {
                "name": "THETA1",
                "estimate": 3.1,
                "stderr": null,
                "rse": null,
                "fixed": false,
                "diagonal": true,
                "ci95_lower": null,
                "ci95_upper": null
              },
              {
                "name": "THETA2",
                "estimate": 21.0,
                "stderr": null,
                "rse": null,
                "fixed": false,
                "diagonal": true,
                "ci95_lower": null,
                "ci95_upper": null
              },
              {
                "name": "THETA3",
                "estimate": 1.3,
                "stderr": null,
                "rse": null,
                "fixed": false,
                "diagonal": true,
                "ci95_lower": null,
                "ci95_upper": null
              },
              {
                "name": "THETA4",
                "estimate": 0.25,
                "stderr": null,
                "rse": null,
                "fixed": false,
                "diagonal": true,
                "ci95_lower": null,
                "ci95_upper": null
              },
              {
                "name": "THETA5",
                "estimate": 0.15,
                "stderr": null,
                "rse": null,
                "fixed": false,
                "diagonal": true,
                "ci95_lower": null,
                "ci95_upper": null
              },
              {
                "name": "THETA6",
                "estimate": 0.05,
                "stderr": null,
                "rse": null,
                "fixed": false,
                "diagonal": true,
                "ci95_lower": null,
                "ci95_upper": null
              }
            ],
            "omegas": [
              {
                "name": "OMEGA(1,1)",
                "estimate": 0.08,
                "stderr": null,
                "rse": null,
                "fixed": false,
                "diagonal": true,
                "ci95_lower": null,
                "ci95_upper": null
              },
              {
                "name": "OMEGA(2,2)",
                "estimate": 0.085,
                "stderr": null,
                "rse": null,
                "fixed": false,
                "diagonal": true,
                "ci95_lower": null,
                "ci95_upper": null
              }
            ],
            "sigmas": [
              {
                "name": "SIGMA(1,1)",
                "estimate": 0.018,
                "stderr": null,
                "rse": null,
                "fixed": false,
                "diagonal": true,
                "ci95_lower": null,
                "ci95_upper": null
              }
            ]
          },
          "files": {
            "run_dir": "base/1001_base",
            "lst": "base/1001_base/1001_base.lst",
            "ext": "base/1001_base/1001_base.ext",
            "summary_json": null
          },
          "timing": {
            "started": null,
            "ended": null,
            "wall_seconds": null,
            "estimation_seconds": 1.0
          }
        }
      ]
    },
    {
      "schema_version": 2,
      "generated": "[TIMESTAMP]",
      "plan_digest": "[DIGEST]",
      "template_model": "[TMP]/1001.mod",
      "round": "forward_round1",
      "direction": "forward",
      "index": 1,
      "phase_index": 1,
      "complete": true,
      "reference_model": "base/1001_base.mod",
      "reference_ofv": 1000.0,
      "reference_parameters": {
        "thetas": [
          {
            "name": "THETA1",
            "estimate": 3.1,
            "stderr": null,
            "rse": null,
            "fixed": false,
            "diagonal": true,
            "ci95_lower": null,
            "ci95_upper": null
          },
          {
            "name": "THETA2",
            "estimate": 21.0,
            "stderr": null,
            "rse": null,
            "fixed": false,
            "diagonal": true,
            "ci95_lower": null,
            "ci95_upper": null
          },
          {
            "name": "THETA3",
            "estimate": 1.3,
            "stderr": null,
            "rse": null,
            "fixed": false,
            "diagonal": true,
            "ci95_lower": null,
            "ci95_upper": null
          },
          {
            "name": "THETA4",
            "estimate": 0.25,
            "stderr": null,
            "rse": null,
            "fixed": false,
            "diagonal": true,
            "ci95_lower": null,
            "ci95_upper": null
          },
          {
            "name": "THETA5",
            "estimate": 0.15,
            "stderr": null,
            "rse": null,
            "fixed": false,
            "diagonal": true,
            "ci95_lower": null,
            "ci95_upper": null
          },
          {
            "name": "THETA6",
            "estimate": 0.05,
            "stderr": null,
            "rse": null,
            "fixed": false,
            "diagonal": true,
            "ci95_lower": null,
            "ci95_upper": null
          }
        ],
        "omegas": [
          {
            "name": "OMEGA(1,1)",
            "estimate": 0.08,
            "stderr": null,
            "rse": null,
            "fixed": false,
            "diagonal": true,
            "ci95_lower": null,
            "ci95_upper": null
          },
          {
            "name": "OMEGA(2,2)",
            "estimate": 0.085,
            "stderr": null,
            "rse": null,
            "fixed": false,
            "diagonal": true,
            "ci95_lower": null,
            "ci95_upper": null
          }
        ],
        "sigmas": [
          {
            "name": "SIGMA(1,1)",
            "estimate": 0.018,
            "stderr": null,
            "rse": null,
            "fixed": false,
            "diagonal": true,
            "ci95_lower": null,
            "ci95_upper": null
          }
        ]
      },
      "alpha": 0.05,
      "retained_before": [],
      "retained_after": [
        "WT_CL"
      ],
      "removed_before": [],
      "counts": {
        "candidates": 3,
        "succeeded": 3,
        "unusable": 0,
        "withdrawn": 0,
        "retries": 0
      },
      "all_succeeded": true,
      "any_heuristics": false,
      "any_unusable": false,
      "winner": "WT_CL",
      "decision": "added WT_CL (p = 7.744e-6, dOFV = -20.000)",
      "scm_status": "completed",
      "next": "SCM process complete; final model at final/1001_scm_final.mod",
      "timing": {
        "started": null,
        "ended": null,
        "wall_seconds": null,
        "estimation_seconds": 3.0
      },
      "candidates": [
        {
          "candidate": "WT_CL",
          "action": "add WT_CL",
          "status": "succeeded",
          "model": "forward_round1/1001_wt_cl.mod",
          "selected": true,
          "rank": 1,
          "thetas": [
            4
          ],
          "initial": 0.1,
          "off": 0.0,
          "ofv": 980.0,
          "reference_ofv": 1000.0,
          "delta_ofv": -20.0,
          "statistic": 20.0,
          "df": 1,
          "p_value": 7.744216431044098e-6,
          "alpha": 0.05,
          "critical_delta_ofv": 3.841458820693788,
          "significant": true,
          "heuristics": [],
          "attempts": [
            {
              "model": "forward_round1/1001_wt_cl.mod",
              "outcome": "succeeded",
              "timing": {
                "started": null,
                "ended": null,
                "wall_seconds": null,
                "estimation_seconds": 1.0
              }
            }
          ],
          "fit": {
            "termination_code": null,
            "condition_number": null,
            "minimization_terminated": false,
            "program_aborted": false,
            "covariance_step_aborted": null,
            "eigenvalue_issues": null,
            "parameter_near_boundary": false,
            "hessian_reset": false,
            "significant_digits": null,
            "function_evaluations": 123,
            "estimation_seconds": 1.0,
            "covariance_seconds": null,
            "number_subjects": null,
            "number_obs": null,
            "estimation_methods": []
          },
          "effect_estimates": [
            {
              "theta": 4,
              "estimate": 0.25,
              "stderr": null,
              "rse": null,
              "ci95_lower": null,
              "ci95_upper": null
            }
          ],
          "iiv": [
            {
              "name": "OMEGA(1,1)",
              "reference": 0.08,
              "candidate": 0.08,
              "percent_change": 0.0
            },
            {
              "name": "OMEGA(2,2)",
              "reference": 0.085,
              "candidate": 0.085,
              "percent_change": 0.0
            }
          ],
          "parameters": {
            "thetas": [
              {
                "name": "THETA1",
                "estimate": 3.1,
                "stderr": null,
                "rse": null,
                "fixed": false,
                "diagonal": true,
                "ci95_lower": null,
                "ci95_upper": null
              },
              {
                "name": "THETA2",
                "estimate": 21.0,
                "stderr": null,
                "rse": null,
                "fixed": false,
                "diagonal": true,
                "ci95_lower": null,
                "ci95_upper": null
              },
              {
                "name": "THETA3",
                "estimate": 1.3,
                "stderr": null,
                "rse": null,
                "fixed": false,
                "diagonal": true,
                "ci95_lower": null,
                "ci95_upper": null
              },
              {
                "name": "THETA4",
                "estimate": 0.25,
                "stderr": null,
                "rse": null,
                "fixed": false,
                "diagonal": true,
                "ci95_lower": null,
                "ci95_upper": null
              },
              {
                "name": "THETA5",
                "estimate": 0.15,
                "stderr": null,
                "rse": null,
                "fixed": false,
                "diagonal": true,
                "ci95_lower": null,
                "ci95_upper": null
              },
              {
                "name": "THETA6",
                "estimate": 0.05,
                "stderr": null,
                "rse": null,
                "fixed": false,
                "diagonal": true,
                "ci95_lower": null,
                "ci95_upper": null
              }
            ],
            "omegas": [
              {
                "name": "OMEGA(1,1)",
                "estimate": 0.08,
                "stderr": null,
                "rse": null,
                "fixed": false,
                "diagonal": true,
                "ci95_lower": null,
                "ci95_upper": null
              },
              {
                "name": "OMEGA(2,2)",
                "estimate": 0.085,
                "stderr": null,
                "rse": null,
                "fixed": false,
                "diagonal": true,
                "ci95_lower": null,
                "ci95_upper": null
              }
            ],
            "sigmas": [
              {
                "name": "SIGMA(1,1)",
                "estimate": 0.018,
                "stderr": null,
                "rse": null,
                "fixed": false,
                "diagonal": true,
                "ci95_lower": null,
                "ci95_upper": null
              }
            ]
          },
          "files": {
            "run_dir": "forward_round1/1001_wt_cl",
            "lst": "forward_round1/1001_wt_cl/1001_wt_cl.lst",
            "ext": "forward_round1/1001_wt_cl/1001_wt_cl.ext",
            "summary_json": null
          },
          "timing": {
            "started": null,
            "ended": null,
            "wall_seconds": null,
            "estimation_seconds": 1.0
          }
        },
        {
          "candidate": "CRCL_CL",
          "action": "add CRCL_CL",
          "status": "succeeded",
          "model": "forward_round1/1001_crcl_cl.mod",
          "selected": false,
          "rank": 2,
          "thetas": [
            5
          ],
          "initial": 0.1,
          "off": 0.0,
          "ofv": 996.0,
          "reference_ofv": 1000.0,
          "delta_ofv": -4.0,
          "statistic": 4.0,
          "df": 1,
          "p_value": 0.04550026389635837,
          "alpha": 0.05,
          "critical_delta_ofv": 3.841458820693788,
          "significant": true,
          "heuristics": [],
          "attempts": [
            {
              "model": "forward_round1/1001_crcl_cl.mod",
              "outcome": "succeeded",
              "timing": {
                "started": null,
                "ended": null,
                "wall_seconds": null,
                "estimation_seconds": 1.0
              }
            }
          ],
          "fit": {
            "termination_code": null,
            "condition_number": null,
            "minimization_terminated": false,
            "program_aborted": false,
            "covariance_step_aborted": null,
            "eigenvalue_issues": null,
            "parameter_near_boundary": false,
            "hessian_reset": false,
            "significant_digits": null,
            "function_evaluations": 123,
            "estimation_seconds": 1.0,
            "covariance_seconds": null,
            "number_subjects": null,
            "number_obs": null,
            "estimation_methods": []
          },
          "effect_estimates": [
            {
              "theta": 5,
              "estimate": 0.15,
              "stderr": null,
              "rse": null,
              "ci95_lower": null,
              "ci95_upper": null
            }
          ],
          "iiv": [
            {
              "name": "OMEGA(1,1)",
              "reference": 0.08,
              "candidate": 0.08,
              "percent_change": 0.0
            },
            {
              "name": "OMEGA(2,2)",
              "reference": 0.085,
              "candidate": 0.085,
              "percent_change": 0.0
            }
          ],
          "parameters": {
            "thetas": [
              {
                "name": "THETA1",
                "estimate": 3.1,
                "stderr": null,
                "rse": null,
                "fixed": false,
                "diagonal": true,
                "ci95_lower": null,
                "ci95_upper": null
              },
              {
                "name": "THETA2",
                "estimate": 21.0,
                "stderr": null,
                "rse": null,
                "fixed": false,
                "diagonal": true,
                "ci95_lower": null,
                "ci95_upper": null
              },
              {
                "name": "THETA3",
                "estimate": 1.3,
                "stderr": null,
                "rse": null,
                "fixed": false,
                "diagonal": true,
                "ci95_lower": null,
                "ci95_upper": null
              },
              {
                "name": "THETA4",
                "estimate": 0.25,
                "stderr": null,
                "rse": null,
                "fixed": false,
                "diagonal": true,
                "ci95_lower": null,
                "ci95_upper": null
              },
              {
                "name": "THETA5",
                "estimate": 0.15,
                "stderr": null,
                "rse": null,
                "fixed": false,
                "diagonal": true,
                "ci95_lower": null,
                "ci95_upper": null
              },
              {
                "name": "THETA6",
                "estimate": 0.05,
                "stderr": null,
                "rse": null,
                "fixed": false,
                "diagonal": true,
                "ci95_lower": null,
                "ci95_upper": null
              }
            ],
            "omegas": [
              {
                "name": "OMEGA(1,1)",
                "estimate": 0.08,
                "stderr": null,
                "rse": null,
                "fixed": false,
                "diagonal": true,
                "ci95_lower": null,
                "ci95_upper": null
              },
              {
                "name": "OMEGA(2,2)",
                "estimate": 0.085,
                "stderr": null,
                "rse": null,
                "fixed": false,
                "diagonal": true,
                "ci95_lower": null,
                "ci95_upper": null
              }
            ],
            "sigmas": [
              {
                "name": "SIGMA(1,1)",
                "estimate": 0.018,
                "stderr": null,
                "rse": null,
                "fixed": false,
                "diagonal": true,
                "ci95_lower": null,
                "ci95_upper": null
              }
            ]
          },
          "files": {
            "run_dir": "forward_round1/1001_crcl_cl",
            "lst": "forward_round1/1001_crcl_cl/1001_crcl_cl.lst",
            "ext": "forward_round1/1001_crcl_cl/1001_crcl_cl.ext",
            "summary_json": null
          },
          "timing": {
            "started": null,
            "ended": null,
            "wall_seconds": null,
            "estimation_seconds": 1.0
          }
        },
        {
          "candidate": "WT_V",
          "action": "add WT_V",
          "status": "succeeded",
          "model": "forward_round1/1001_wt_v.mod",
          "selected": false,
          "rank": 3,
          "thetas": [
            6
          ],
          "initial": 0.1,
          "off": 0.0,
          "ofv": 999.0,
          "reference_ofv": 1000.0,
          "delta_ofv": -1.0,
          "statistic": 1.0,
          "df": 1,
          "p_value": 0.3173105078629138,
          "alpha": 0.05,
          "critical_delta_ofv": 3.841458820693788,
          "significant": false,
          "heuristics": [],
          "attempts": [
            {
              "model": "forward_round1/1001_wt_v.mod",
              "outcome": "succeeded",
              "timing": {
                "started": null,
                "ended": null,
                "wall_seconds": null,
                "estimation_seconds": 1.0
              }
            }
          ],
          "fit": {
            "termination_code": null,
            "condition_number": null,
            "minimization_terminated": false,
            "program_aborted": false,
            "covariance_step_aborted": null,
            "eigenvalue_issues": null,
            "parameter_near_boundary": false,
            "hessian_reset": false,
            "significant_digits": null,
            "function_evaluations": 123,
            "estimation_seconds": 1.0,
            "covariance_seconds": null,
            "number_subjects": null,
            "number_obs": null,
            "estimation_methods": []
          },
          "effect_estimates": [
            {
              "theta": 6,
              "estimate": 0.05,
              "stderr": null,
              "rse": null,
              "ci95_lower": null,
              "ci95_upper": null
            }
          ],
          "iiv": [
            {
              "name": "OMEGA(1,1)",
              "reference": 0.08,
              "candidate": 0.08,
              "percent_change": 0.0
            },
            {
              "name": "OMEGA(2,2)",
              "reference": 0.085,
              "candidate": 0.085,
              "percent_change": 0.0
            }
          ],
          "parameters": {
            "thetas": [
              {
                "name": "THETA1",
                "estimate": 3.1,
                "stderr": null,
                "rse": null,
                "fixed": false,
                "diagonal": true,
                "ci95_lower": null,
                "ci95_upper": null
              },
              {
                "name": "THETA2",
                "estimate": 21.0,
                "stderr": null,
                "rse": null,
                "fixed": false,
                "diagonal": true,
                "ci95_lower": null,
                "ci95_upper": null
              },
              {
                "name": "THETA3",
                "estimate": 1.3,
                "stderr": null,
                "rse": null,
                "fixed": false,
                "diagonal": true,
                "ci95_lower": null,
                "ci95_upper": null
              },
              {
                "name": "THETA4",
                "estimate": 0.25,
                "stderr": null,
                "rse": null,
                "fixed": false,
                "diagonal": true,
                "ci95_lower": null,
                "ci95_upper": null
              },
              {
                "name": "THETA5",
                "estimate": 0.15,
                "stderr": null,
                "rse": null,
                "fixed": false,
                "diagonal": true,
                "ci95_lower": null,
                "ci95_upper": null
              },
              {
                "name": "THETA6",
                "estimate": 0.05,
                "stderr": null,
                "rse": null,
                "fixed": false,
                "diagonal": true,
                "ci95_lower": null,
                "ci95_upper": null
              }
            ],
            "omegas": [
              {
                "name": "OMEGA(1,1)",
                "estimate": 0.08,
                "stderr": null,
                "rse": null,
                "fixed": false,
                "diagonal": true,
                "ci95_lower": null,
                "ci95_upper": null
              },
              {
                "name": "OMEGA(2,2)",
                "estimate": 0.085,
                "stderr": null,
                "rse": null,
                "fixed": false,
                "diagonal": true,
                "ci95_lower": null,
                "ci95_upper": null
              }
            ],
            "sigmas": [
              {
                "name": "SIGMA(1,1)",
                "estimate": 0.018,
                "stderr": null,
                "rse": null,
                "fixed": false,
                "diagonal": true,
                "ci95_lower": null,
                "ci95_upper": null
              }
            ]
          },
          "files": {
            "run_dir": "forward_round1/1001_wt_v",
            "lst": "forward_round1/1001_wt_v/1001_wt_v.lst",
            "ext": "forward_round1/1001_wt_v/1001_wt_v.ext",
            "summary_json": null
          },
          "timing": {
            "started": null,
            "ended": null,
            "wall_seconds": null,
            "estimation_seconds": 1.0
          }
        }
      ]
    },
    {
      "schema_version": 2,
      "generated": "[TIMESTAMP]",
      "plan_digest": "[DIGEST]",
      "template_model": "[TMP]/1001.mod",
      "round": "forward_round2",
      "direction": "forward",
      "index": 2,
      "phase_index": 2,
      "complete": true,
      "reference_model": "forward_round1/1001_wt_cl.mod",
      "reference_ofv": 980.0,
      "reference_parameters": {
        "thetas": [
          {
            "name": "THETA1",
            "estimate": 3.1,
            "stderr": null,
            "rse": null,
            "fixed": false,
            "diagonal": true,
            "ci95_lower": null,
            "ci95_upper": null
          },
          {
            "name": "THETA2",
            "estimate": 21.0,
            "stderr": null,
            "rse": null,
            "fixed": false,
            "diagonal": true,
            "ci95_lower": null,
            "ci95_upper": null
          },
          {
            "name": "THETA3",
            "estimate": 1.3,
            "stderr": null,
            "rse": null,
            "fixed": false,
            "diagonal": true,
            "ci95_lower": null,
            "ci95_upper": null
          },
          {
            "name": "THETA4",
            "estimate": 0.25,
            "stderr": null,
            "rse": null,
            "fixed": false,
            "diagonal": true,
            "ci95_lower": null,
            "ci95_upper": null
          },
          {
            "name": "THETA5",
            "estimate": 0.15,
            "stderr": null,
            "rse": null,
            "fixed": false,
            "diagonal": true,
            "ci95_lower": null,
            "ci95_upper": null
          },
          {
            "name": "THETA6",
            "estimate": 0.05,
            "stderr": null,
            "rse": null,
            "fixed": false,
            "diagonal": true,
            "ci95_lower": null,
            "ci95_upper": null
          }
        ],
        "omegas": [
          {
            "name": "OMEGA(1,1)",
            "estimate": 0.08,
            "stderr": null,
            "rse": null,
            "fixed": false,
            "diagonal": true,
            "ci95_lower": null,
            "ci95_upper": null
          },
          {
            "name": "OMEGA(2,2)",
            "estimate": 0.085,
            "stderr": null,
            "rse": null,
            "fixed": false,
            "diagonal": true,
            "ci95_lower": null,
            "ci95_upper": null
          }
        ],
        "sigmas": [
          {
            "name": "SIGMA(1,1)",
            "estimate": 0.018,
            "stderr": null,
            "rse": null,
            "fixed": false,
            "diagonal": true,
            "ci95_lower": null,
            "ci95_upper": null
          }
        ]
      },
      "alpha": 0.05,
      "retained_before": [
        "WT_CL"
      ],
      "retained_after": [
        "WT_CL",
        "CRCL_CL"
      ],
      "removed_before": [],
      "counts": {
        "candidates": 2,
        "succeeded": 2,
        "unusable": 0,
        "withdrawn": 0,
        "retries": 1
      },
      "all_succeeded": true,
      "any_heuristics": false,
      "any_unusable": false,
      "winner": "CRCL_CL",
      "decision": "added CRCL_CL (p = 1.431e-2, dOFV = -6.000)",
      "scm_status": "completed",
      "next": "SCM process complete; final model at final/1001_scm_final.mod",
      "timing": {
        "started": null,
        "ended": null,
        "wall_seconds": null,
        "estimation_seconds": 3.0
      },
      "candidates": [
        {
          "candidate": "CRCL_CL",
          "action": "add CRCL_CL",
          "status": "succeeded",
          "model": "forward_round2/1001_crcl_cl.mod",
          "selected": true,
          "rank": 1,
          "thetas": [
            5
          ],
          "initial": 0.1,
          "off": 0.0,
          "ofv": 974.0,
          "reference_ofv": 980.0,
          "delta_ofv": -6.0,
          "statistic": 6.0,
          "df": 1,
          "p_value": 0.014305878435429645,
          "alpha": 0.05,
          "critical_delta_ofv": 3.841458820693788,
          "significant": true,
          "heuristics": [],
          "attempts": [
            {
              "model": "forward_round2/1001_crcl_cl.mod",
              "outcome": "succeeded",
              "timing": {
                "started": null,
                "ended": null,
                "wall_seconds": null,
                "estimation_seconds": 1.0
              }
            }
          ],
          "fit": {
            "termination_code": null,
            "condition_number": null,
            "minimization_terminated": false,
            "program_aborted": false,
            "covariance_step_aborted": null,
            "eigenvalue_issues": null,
            "parameter_near_boundary": false,
            "hessian_reset": false,
            "significant_digits": null,
            "function_evaluations": 123,
            "estimation_seconds": 1.0,
            "covariance_seconds": null,
            "number_subjects": null,
            "number_obs": null,
            "estimation_methods": []
          },
          "effect_estimates": [
            {
              "theta": 5,
              "estimate": 0.15,
              "stderr": null,
              "rse": null,
              "ci95_lower": null,
              "ci95_upper": null
            }
          ],
          "iiv": [
            {
              "name": "OMEGA(1,1)",
              "reference": 0.08,
              "candidate": 0.08,
              "percent_change": 0.0
            },
            {
              "name": "OMEGA(2,2)",
              "reference": 0.085,
              "candidate": 0.085,
              "percent_change": 0.0
            }
          ],
          "parameters": {
            "thetas": [
              {
                "name": "THETA1",
                "estimate": 3.1,
                "stderr": null,
                "rse": null,
                "fixed": false,
                "diagonal": true,
                "ci95_lower": null,
                "ci95_upper": null
              },
              {
                "name": "THETA2",
                "estimate": 21.0,
                "stderr": null,
                "rse": null,
                "fixed": false,
                "diagonal": true,
                "ci95_lower": null,
                "ci95_upper": null
              },
              {
                "name": "THETA3",
                "estimate": 1.3,
                "stderr": null,
                "rse": null,
                "fixed": false,
                "diagonal": true,
                "ci95_lower": null,
                "ci95_upper": null
              },
              {
                "name": "THETA4",
                "estimate": 0.25,
                "stderr": null,
                "rse": null,
                "fixed": false,
                "diagonal": true,
                "ci95_lower": null,
                "ci95_upper": null
              },
              {
                "name": "THETA5",
                "estimate": 0.15,
                "stderr": null,
                "rse": null,
                "fixed": false,
                "diagonal": true,
                "ci95_lower": null,
                "ci95_upper": null
              },
              {
                "name": "THETA6",
                "estimate": 0.05,
                "stderr": null,
                "rse": null,
                "fixed": false,
                "diagonal": true,
                "ci95_lower": null,
                "ci95_upper": null
              }
            ],
            "omegas": [
              {
                "name": "OMEGA(1,1)",
                "estimate": 0.08,
                "stderr": null,
                "rse": null,
                "fixed": false,
                "diagonal": true,
                "ci95_lower": null,
                "ci95_upper": null
              },
              {
                "name": "OMEGA(2,2)",
                "estimate": 0.085,
                "stderr": null,
                "rse": null,
                "fixed": false,
                "diagonal": true,
                "ci95_lower": null,
                "ci95_upper": null
              }
            ],
            "sigmas": [
              {
                "name": "SIGMA(1,1)",
                "estimate": 0.018,
                "stderr": null,
                "rse": null,
                "fixed": false,
                "diagonal": true,
                "ci95_lower": null,
                "ci95_upper": null
              }
            ]
          },
          "files": {
            "run_dir": "forward_round2/1001_crcl_cl",
            "lst": "forward_round2/1001_crcl_cl/1001_crcl_cl.lst",
            "ext": "forward_round2/1001_crcl_cl/1001_crcl_cl.ext",
            "summary_json": null
          },
          "timing": {
            "started": null,
            "ended": null,
            "wall_seconds": null,
            "estimation_seconds": 1.0
          }
        },
        {
          "candidate": "WT_V",
          "action": "add WT_V",
          "status": "succeeded",
          "model": "forward_round2/1001_wt_v_try2.mod",
          "selected": false,
          "rank": 2,
          "thetas": [
            6
          ],
          "initial": 0.1,
          "off": 0.0,
          "ofv": 978.5,
          "reference_ofv": 980.0,
          "delta_ofv": -1.5,
          "statistic": 1.5,
          "df": 1,
          "p_value": 0.2206713619198467,
          "alpha": 0.05,
          "critical_delta_ofv": 3.841458820693788,
          "significant": false,
          "heuristics": [],
          "attempts": [
            {
              "model": "forward_round2/1001_wt_v.mod",
              "outcome": "no ofv",
              "timing": {
                "started": null,
                "ended": null,
                "wall_seconds": null,
                "estimation_seconds": 1.0
              }
            },
            {
              "model": "forward_round2/1001_wt_v_try2.mod",
              "outcome": "succeeded",
              "timing": {
                "started": null,
                "ended": null,
                "wall_seconds": null,
                "estimation_seconds": 1.0
              }
            }
          ],
          "fit": {
            "termination_code": null,
            "condition_number": null,
            "minimization_terminated": false,
            "program_aborted": false,
            "covariance_step_aborted": null,
            "eigenvalue_issues": null,
            "parameter_near_boundary": false,
            "hessian_reset": false,
            "significant_digits": null,
            "function_evaluations": 123,
            "estimation_seconds": 1.0,
            "covariance_seconds": null,
            "number_subjects": null,
            "number_obs": null,
            "estimation_methods": []
          },
          "effect_estimates": [
            {
              "theta": 6,
              "estimate": 0.05,
              "stderr": null,
              "rse": null,
              "ci95_lower": null,
              "ci95_upper": null
            }
          ],
          "iiv": [
            {
              "name": "OMEGA(1,1)",
              "reference": 0.08,
              "candidate": 0.08,
              "percent_change": 0.0
            },
            {
              "name": "OMEGA(2,2)",
              "reference": 0.085,
              "candidate": 0.085,
              "percent_change": 0.0
            }
          ],
          "parameters": {
            "thetas": [
              {
                "name": "THETA1",
                "estimate": 3.1,
                "stderr": null,
                "rse": null,
                "fixed": false,
                "diagonal": true,
                "ci95_lower": null,
                "ci95_upper": null
              },
              {
                "name": "THETA2",
                "estimate": 21.0,
                "stderr": null,
                "rse": null,
                "fixed": false,
                "diagonal": true,
                "ci95_lower": null,
                "ci95_upper": null
              },
              {
                "name": "THETA3",
                "estimate": 1.3,
                "stderr": null,
                "rse": null,
                "fixed": false,
                "diagonal": true,
                "ci95_lower": null,
                "ci95_upper": null
              },
              {
                "name": "THETA4",
                "estimate": 0.25,
                "stderr": null,
                "rse": null,
                "fixed": false,
                "diagonal": true,
                "ci95_lower": null,
                "ci95_upper": null
              },
              {
                "name": "THETA5",
                "estimate": 0.15,
                "stderr": null,
                "rse": null,
                "fixed": false,
                "diagonal": true,
                "ci95_lower": null,
                "ci95_upper": null
              },
              {
                "name": "THETA6",
                "estimate": 0.05,
                "stderr": null,
                "rse": null,
                "fixed": false,
                "diagonal": true,
                "ci95_lower": null,
                "ci95_upper": null
              }
            ],
            "omegas": [
              {
                "name": "OMEGA(1,1)",
                "estimate": 0.08,
                "stderr": null,
                "rse": null,
                "fixed": false,
                "diagonal": true,
                "ci95_lower": null,
                "ci95_upper": null
              },
              {
                "name": "OMEGA(2,2)",
                "estimate": 0.085,
                "stderr": null,
                "rse": null,
                "fixed": false,
                "diagonal": true,
                "ci95_lower": null,
                "ci95_upper": null
              }
            ],
            "sigmas": [
              {
                "name": "SIGMA(1,1)",
                "estimate": 0.018,
                "stderr": null,
                "rse": null,
                "fixed": false,
                "diagonal": true,
                "ci95_lower": null,
                "ci95_upper": null
              }
            ]
          },
          "files": {
            "run_dir": "forward_round2/1001_wt_v_try2",
            "lst": "forward_round2/1001_wt_v_try2/1001_wt_v_try2.lst",
            "ext": "forward_round2/1001_wt_v_try2/1001_wt_v_try2.ext",
            "summary_json": null
          },
          "timing": {
            "started": null,
            "ended": null,
            "wall_seconds": null,
            "estimation_seconds": 2.0
          }
        }
      ]
    },
    {
      "schema_version": 2,
      "generated": "[TIMESTAMP]",
      "plan_digest": "[DIGEST]",
      "template_model": "[TMP]/1001.mod",
      "round": "forward_round3",
      "direction": "forward",
      "index": 3,
      "phase_index": 3,
      "complete": true,
      "reference_model": "forward_round2/1001_crcl_cl.mod",
      "reference_ofv": 974.0,
      "reference_parameters": {
        "thetas": [
          {
            "name": "THETA1",
            "estimate": 3.1,
            "stderr": null,
            "rse": null,
            "fixed": false,
            "diagonal": true,
            "ci95_lower": null,
            "ci95_upper": null
          },
          {
            "name": "THETA2",
            "estimate": 21.0,
            "stderr": null,
            "rse": null,
            "fixed": false,
            "diagonal": true,
            "ci95_lower": null,
            "ci95_upper": null
          },
          {
            "name": "THETA3",
            "estimate": 1.3,
            "stderr": null,
            "rse": null,
            "fixed": false,
            "diagonal": true,
            "ci95_lower": null,
            "ci95_upper": null
          },
          {
            "name": "THETA4",
            "estimate": 0.25,
            "stderr": null,
            "rse": null,
            "fixed": false,
            "diagonal": true,
            "ci95_lower": null,
            "ci95_upper": null
          },
          {
            "name": "THETA5",
            "estimate": 0.15,
            "stderr": null,
            "rse": null,
            "fixed": false,
            "diagonal": true,
            "ci95_lower": null,
            "ci95_upper": null
          },
          {
            "name": "THETA6",
            "estimate": 0.05,
            "stderr": null,
            "rse": null,
            "fixed": false,
            "diagonal": true,
            "ci95_lower": null,
            "ci95_upper": null
          }
        ],
        "omegas": [
          {
            "name": "OMEGA(1,1)",
            "estimate": 0.08,
            "stderr": null,
            "rse": null,
            "fixed": false,
            "diagonal": true,
            "ci95_lower": null,
            "ci95_upper": null
          },
          {
            "name": "OMEGA(2,2)",
            "estimate": 0.085,
            "stderr": null,
            "rse": null,
            "fixed": false,
            "diagonal": true,
            "ci95_lower": null,
            "ci95_upper": null
          }
        ],
        "sigmas": [
          {
            "name": "SIGMA(1,1)",
            "estimate": 0.018,
            "stderr": null,
            "rse": null,
            "fixed": false,
            "diagonal": true,
            "ci95_lower": null,
            "ci95_upper": null
          }
        ]
      },
      "alpha": 0.05,
      "retained_before": [
        "WT_CL",
        "CRCL_CL"
      ],
      "retained_after": [
        "WT_CL",
        "CRCL_CL"
      ],
      "removed_before": [],
      "counts": {
        "candidates": 1,
        "succeeded": 1,
        "unusable": 0,
        "withdrawn": 0,
        "retries": 0
      },
      "all_succeeded": true,
      "any_heuristics": false,
      "any_unusable": false,
      "winner": null,
      "decision": "no candidate significant at alpha 0.05; forward selection stopped",
      "scm_status": "completed",
      "next": "SCM process complete; final model at final/1001_scm_final.mod",
      "timing": {
        "started": null,
        "ended": null,
        "wall_seconds": null,
        "estimation_seconds": 1.0
      },
      "candidates": [
        {
          "candidate": "WT_V",
          "action": "add WT_V",
          "status": "succeeded",
          "model": "forward_round3/1001_wt_v.mod",
          "selected": false,
          "rank": 1,
          "thetas": [
            6
          ],
          "initial": 0.1,
          "off": 0.0,
          "ofv": 973.0,
          "reference_ofv": 974.0,
          "delta_ofv": -1.0,
          "statistic": 1.0,
          "df": 1,
          "p_value": 0.3173105078629138,
          "alpha": 0.05,
          "critical_delta_ofv": 3.841458820693788,
          "significant": false,
          "heuristics": [],
          "attempts": [
            {
              "model": "forward_round3/1001_wt_v.mod",
              "outcome": "succeeded",
              "timing": {
                "started": null,
                "ended": null,
                "wall_seconds": null,
                "estimation_seconds": 1.0
              }
            }
          ],
          "fit": {
            "termination_code": null,
            "condition_number": null,
            "minimization_terminated": false,
            "program_aborted": false,
            "covariance_step_aborted": null,
            "eigenvalue_issues": null,
            "parameter_near_boundary": false,
            "hessian_reset": false,
            "significant_digits": null,
            "function_evaluations": 123,
            "estimation_seconds": 1.0,
            "covariance_seconds": null,
            "number_subjects": null,
            "number_obs": null,
            "estimation_methods": []
          },
          "effect_estimates": [
            {
              "theta": 6,
              "estimate": 0.05,
              "stderr": null,
              "rse": null,
              "ci95_lower": null,
              "ci95_upper": null
            }
          ],
          "iiv": [
            {
              "name": "OMEGA(1,1)",
              "reference": 0.08,
              "candidate": 0.08,
              "percent_change": 0.0
            },
            {
              "name": "OMEGA(2,2)",
              "reference": 0.085,
              "candidate": 0.085,
              "percent_change": 0.0
            }
          ],
          "parameters": {
            "thetas": [
              {
                "name": "THETA1",
                "estimate": 3.1,
                "stderr": null,
                "rse": null,
                "fixed": false,
                "diagonal": true,
                "ci95_lower": null,
                "ci95_upper": null
              },
              {
                "name": "THETA2",
                "estimate": 21.0,
                "stderr": null,
                "rse": null,
                "fixed": false,
                "diagonal": true,
                "ci95_lower": null,
                "ci95_upper": null
              },
              {
                "name": "THETA3",
                "estimate": 1.3,
                "stderr": null,
                "rse": null,
                "fixed": false,
                "diagonal": true,
                "ci95_lower": null,
                "ci95_upper": null
              },
              {
                "name": "THETA4",
                "estimate": 0.25,
                "stderr": null,
                "rse": null,
                "fixed": false,
                "diagonal": true,
                "ci95_lower": null,
                "ci95_upper": null
              },
              {
                "name": "THETA5",
                "estimate": 0.15,
                "stderr": null,
                "rse": null,
                "fixed": false,
                "diagonal": true,
                "ci95_lower": null,
                "ci95_upper": null
              },
              {
                "name": "THETA6",
                "estimate": 0.05,
                "stderr": null,
                "rse": null,
                "fixed": false,
                "diagonal": true,
                "ci95_lower": null,
                "ci95_upper": null
              }
            ],
            "omegas": [
              {
                "name": "OMEGA(1,1)",
                "estimate": 0.08,
                "stderr": null,
                "rse": null,
                "fixed": false,
                "diagonal": true,
                "ci95_lower": null,
                "ci95_upper": null
              },
              {
                "name": "OMEGA(2,2)",
                "estimate": 0.085,
                "stderr": null,
                "rse": null,
                "fixed": false,
                "diagonal": true,
                "ci95_lower": null,
                "ci95_upper": null
              }
            ],
            "sigmas": [
              {
                "name": "SIGMA(1,1)",
                "estimate": 0.018,
                "stderr": null,
                "rse": null,
                "fixed": false,
                "diagonal": true,
                "ci95_lower": null,
                "ci95_upper": null
              }
            ]
          },
          "files": {
            "run_dir": "forward_round3/1001_wt_v",
            "lst": "forward_round3/1001_wt_v/1001_wt_v.lst",
            "ext": "forward_round3/1001_wt_v/1001_wt_v.ext",
            "summary_json": null
          },
          "timing": {
            "started": null,
            "ended": null,
            "wall_seconds": null,
            "estimation_seconds": 1.0
          }
        }
      ]
    },
    {
      "schema_version": 2,
      "generated": "[TIMESTAMP]",
      "plan_digest": "[DIGEST]",
      "template_model": "[TMP]/1001.mod",
      "round": "backward_round1",
      "direction": "backward",
      "index": 4,
      "phase_index": 1,
      "complete": true,
      "reference_model": "forward_round2/1001_crcl_cl.mod",
      "reference_ofv": 974.0,
      "reference_parameters": {
        "thetas": [
          {
            "name": "THETA1",
            "estimate": 3.1,
            "stderr": null,
            "rse": null,
            "fixed": false,
            "diagonal": true,
            "ci95_lower": null,
            "ci95_upper": null
          },
          {
            "name": "THETA2",
            "estimate": 21.0,
            "stderr": null,
            "rse": null,
            "fixed": false,
            "diagonal": true,
            "ci95_lower": null,
            "ci95_upper": null
          },
          {
            "name": "THETA3",
            "estimate": 1.3,
            "stderr": null,
            "rse": null,
            "fixed": false,
            "diagonal": true,
            "ci95_lower": null,
            "ci95_upper": null
          },
          {
            "name": "THETA4",
            "estimate": 0.25,
            "stderr": null,
            "rse": null,
            "fixed": false,
            "diagonal": true,
            "ci95_lower": null,
            "ci95_upper": null
          },
          {
            "name": "THETA5",
            "estimate": 0.15,
            "stderr": null,
            "rse": null,
            "fixed": false,
            "diagonal": true,
            "ci95_lower": null,
            "ci95_upper": null
          },
          {
            "name": "THETA6",
            "estimate": 0.05,
            "stderr": null,
            "rse": null,
            "fixed": false,
            "diagonal": true,
            "ci95_lower": null,
            "ci95_upper": null
          }
        ],
        "omegas": [
          {
            "name": "OMEGA(1,1)",
            "estimate": 0.08,
            "stderr": null,
            "rse": null,
            "fixed": false,
            "diagonal": true,
            "ci95_lower": null,
            "ci95_upper": null
          },
          {
            "name": "OMEGA(2,2)",
            "estimate": 0.085,
            "stderr": null,
            "rse": null,
            "fixed": false,
            "diagonal": true,
            "ci95_lower": null,
            "ci95_upper": null
          }
        ],
        "sigmas": [
          {
            "name": "SIGMA(1,1)",
            "estimate": 0.018,
            "stderr": null,
            "rse": null,
            "fixed": false,
            "diagonal": true,
            "ci95_lower": null,
            "ci95_upper": null
          }
        ]
      },
      "alpha": 0.001,
      "retained_before": [
        "WT_CL",
        "CRCL_CL"
      ],
      "retained_after": [
        "WT_CL"
      ],
      "removed_before": [],
      "counts": {
        "candidates": 2,
        "succeeded": 2,
        "unusable": 0,
        "withdrawn": 0,
        "retries": 0
      },
      "all_succeeded": true,
      "any_heuristics": false,
      "any_unusable": false,
      "winner": "CRCL_CL",
      "decision": "dropped CRCL_CL (p = 1.431e-2, dOFV = +6.000)",
      "scm_status": "completed",
      "next": "SCM process complete; final model at final/1001_scm_final.mod",
      "timing": {
        "started": null,
        "ended": null,
        "wall_seconds": null,
        "estimation_seconds": 2.0
      },
      "candidates": [
        {
          "candidate": "WT_CL",
          "action": "drop WT_CL",
          "status": "succeeded",
          "model": "backward_round1/1001_wt_cl.mod",
          "selected": false,
          "rank": 2,
          "thetas": [
            4
          ],
          "initial": 0.1,
          "off": 0.0,
          "ofv": 995.0,
          "reference_ofv": 974.0,
          "delta_ofv": 21.0,
          "statistic": 21.0,
          "df": 1,
          "p_value": 4.5928337117539765e-6,
          "alpha": 0.001,
          "critical_delta_ofv": 10.827566170662521,
          "significant": true,
          "heuristics": [],
          "attempts": [
            {
              "model": "backward_round1/1001_wt_cl.mod",
              "outcome": "succeeded",
              "timing": {
                "started": null,
                "ended": null,
                "wall_seconds": null,
                "estimation_seconds": 1.0
              }
            }
          ],
          "fit": {
            "termination_code": null,
            "condition_number": null,
            "minimization_terminated": false,
            "program_aborted": false,
            "covariance_step_aborted": null,
            "eigenvalue_issues": null,
            "parameter_near_boundary": false,
            "hessian_reset": false,
            "significant_digits": null,
            "function_evaluations": 123,
            "estimation_seconds": 1.0,
            "covariance_seconds": null,
            "number_subjects": null,
            "number_obs": null,
            "estimation_methods": []
          },
          "effect_estimates": [
            {
              "theta": 4,
              "estimate": 0.25,
              "stderr": null,
              "rse": null,
              "ci95_lower": null,
              "ci95_upper": null
            }
          ],
          "iiv": [
            {
              "name": "OMEGA(1,1)",
              "reference": 0.08,
              "candidate": 0.08,
              "percent_change": 0.0
            },
            {
              "name": "OMEGA(2,2)",
              "reference": 0.085,
              "candidate": 0.085,
              "percent_change": 0.0
            }
          ],
          "parameters": {
            "thetas": [
              {
                "name": "THETA1",
                "estimate": 3.1,
                "stderr": null,
                "rse": null,
                "fixed": false,
                "diagonal": true,
                "ci95_lower": null,
                "ci95_upper": null
              },
              {
                "name": "THETA2",
                "estimate": 21.0,
                "stderr": null,
                "rse": null,
                "fixed": false,
                "diagonal": true,
                "ci95_lower": null,
                "ci95_upper": null
              },
              {
                "name": "THETA3",
                "estimate": 1.3,
                "stderr": null,
                "rse": null,
                "fixed": false,
                "diagonal": true,
                "ci95_lower": null,
                "ci95_upper": null
              },
              {
                "name": "THETA4",
                "estimate": 0.25,
                "stderr": null,
                "rse": null,
                "fixed": false,
                "diagonal": true,
                "ci95_lower": null,
                "ci95_upper": null
              },
              {
                "name": "THETA5",
                "estimate": 0.15,
                "stderr": null,
                "rse": null,
                "fixed": false,
                "diagonal": true,
                "ci95_lower": null,
                "ci95_upper": null
              },
              {
                "name": "THETA6",
                "estimate": 0.05,
                "stderr": null,
                "rse": null,
                "fixed": false,
                "diagonal": true,
                "ci95_lower": null,
                "ci95_upper": null
              }
            ],
            "omegas": [
              {
                "name": "OMEGA(1,1)",
                "estimate": 0.08,
                "stderr": null,
                "rse": null,
                "fixed": false,
                "diagonal": true,
                "ci95_lower": null,
                "ci95_upper": null
              },
              {
                "name": "OMEGA(2,2)",
                "estimate": 0.085,
                "stderr": null,
                "rse": null,
                "fixed": false,
                "diagonal": true,
                "ci95_lower": null,
                "ci95_upper": null
              }
            ],
            "sigmas": [
              {
                "name": "SIGMA(1,1)",
                "estimate": 0.018,
                "stderr": null,
                "rse": null,
                "fixed": false,
                "diagonal": true,
                "ci95_lower": null,
                "ci95_upper": null
              }
            ]
          },
          "files": {
            "run_dir": "backward_round1/1001_wt_cl",
            "lst": "backward_round1/1001_wt_cl/1001_wt_cl.lst",
            "ext": "backward_round1/1001_wt_cl/1001_wt_cl.ext",
            "summary_json": null
          },
          "timing": {
            "started": null,
            "ended": null,
            "wall_seconds": null,
            "estimation_seconds": 1.0
          }
        },
        {
          "candidate": "CRCL_CL",
          "action": "drop CRCL_CL",
          "status": "succeeded",
          "model": "backward_round1/1001_crcl_cl.mod",
          "selected": true,
          "rank": 1,
          "thetas": [
            5
          ],
          "initial": 0.1,
          "off": 0.0,
          "ofv": 980.0,
          "reference_ofv": 974.0,
          "delta_ofv": 6.0,
          "statistic": 6.0,
          "df": 1,
          "p_value": 0.014305878435429645,
          "alpha": 0.001,
          "critical_delta_ofv": 10.827566170662521,
          "significant": false,
          "heuristics": [],
          "attempts": [
            {
              "model": "backward_round1/1001_crcl_cl.mod",
              "outcome": "succeeded",
              "timing": {
                "started": null,
                "ended": null,
                "wall_seconds": null,
                "estimation_seconds": 1.0
              }
            }
          ],
          "fit": {
            "termination_code": null,
            "condition_number": null,
            "minimization_terminated": false,
            "program_aborted": false,
            "covariance_step_aborted": null,
            "eigenvalue_issues": null,
            "parameter_near_boundary": false,
            "hessian_reset": false,
            "significant_digits": null,
            "function_evaluations": 123,
            "estimation_seconds": 1.0,
            "covariance_seconds": null,
            "number_subjects": null,
            "number_obs": null,
            "estimation_methods": []
          },
          "effect_estimates": [
            {
              "theta": 5,
              "estimate": 0.15,
              "stderr": null,
              "rse": null,
              "ci95_lower": null,
              "ci95_upper": null
            }
          ],
          "iiv": [
            {
              "name": "OMEGA(1,1)",
              "reference": 0.08,
              "candidate": 0.08,
              "percent_change": 0.0
            },
            {
              "name": "OMEGA(2,2)",
              "reference": 0.085,
              "candidate": 0.085,
              "percent_change": 0.0
            }
          ],
          "parameters": {
            "thetas": [
              {
                "name": "THETA1",
                "estimate": 3.1,
                "stderr": null,
                "rse": null,
                "fixed": false,
                "diagonal": true,
                "ci95_lower": null,
                "ci95_upper": null
              },
              {
                "name": "THETA2",
                "estimate": 21.0,
                "stderr": null,
                "rse": null,
                "fixed": false,
                "diagonal": true,
                "ci95_lower": null,
                "ci95_upper": null
              },
              {
                "name": "THETA3",
                "estimate": 1.3,
                "stderr": null,
                "rse": null,
                "fixed": false,
                "diagonal": true,
                "ci95_lower": null,
                "ci95_upper": null
              },
              {
                "name": "THETA4",
                "estimate": 0.25,
                "stderr": null,
                "rse": null,
                "fixed": false,
                "diagonal": true,
                "ci95_lower": null,
                "ci95_upper": null
              },
              {
                "name": "THETA5",
                "estimate": 0.15,
                "stderr": null,
                "rse": null,
                "fixed": false,
                "diagonal": true,
                "ci95_lower": null,
                "ci95_upper": null
              },
              {
                "name": "THETA6",
                "estimate": 0.05,
                "stderr": null,
                "rse": null,
                "fixed": false,
                "diagonal": true,
                "ci95_lower": null,
                "ci95_upper": null
              }
            ],
            "omegas": [
              {
                "name": "OMEGA(1,1)",
                "estimate": 0.08,
                "stderr": null,
                "rse": null,
                "fixed": false,
                "diagonal": true,
                "ci95_lower": null,
                "ci95_upper": null
              },
              {
                "name": "OMEGA(2,2)",
                "estimate": 0.085,
                "stderr": null,
                "rse": null,
                "fixed": false,
                "diagonal": true,
                "ci95_lower": null,
                "ci95_upper": null
              }
            ],
            "sigmas": [
              {
                "name": "SIGMA(1,1)",
                "estimate": 0.018,
                "stderr": null,
                "rse": null,
                "fixed": false,
                "diagonal": true,
                "ci95_lower": null,
                "ci95_upper": null
              }
            ]
          },
          "files": {
            "run_dir": "backward_round1/1001_crcl_cl",
            "lst": "backward_round1/1001_crcl_cl/1001_crcl_cl.lst",
            "ext": "backward_round1/1001_crcl_cl/1001_crcl_cl.ext",
            "summary_json": null
          },
          "timing": {
            "started": null,
            "ended": null,
            "wall_seconds": null,
            "estimation_seconds": 1.0
          }
        }
      ]
    },
    {
      "schema_version": 2,
      "generated": "[TIMESTAMP]",
      "plan_digest": "[DIGEST]",
      "template_model": "[TMP]/1001.mod",
      "round": "backward_round2",
      "direction": "backward",
      "index": 5,
      "phase_index": 2,
      "complete": true,
      "reference_model": "backward_round1/1001_crcl_cl.mod",
      "reference_ofv": 980.0,
      "reference_parameters": {
        "thetas": [
          {
            "name": "THETA1",
            "estimate": 3.1,
            "stderr": null,
            "rse": null,
            "fixed": false,
            "diagonal": true,
            "ci95_lower": null,
            "ci95_upper": null
          },
          {
            "name": "THETA2",
            "estimate": 21.0,
            "stderr": null,
            "rse": null,
            "fixed": false,
            "diagonal": true,
            "ci95_lower": null,
            "ci95_upper": null
          },
          {
            "name": "THETA3",
            "estimate": 1.3,
            "stderr": null,
            "rse": null,
            "fixed": false,
            "diagonal": true,
            "ci95_lower": null,
            "ci95_upper": null
          },
          {
            "name": "THETA4",
            "estimate": 0.25,
            "stderr": null,
            "rse": null,
            "fixed": false,
            "diagonal": true,
            "ci95_lower": null,
            "ci95_upper": null
          },
          {
            "name": "THETA5",
            "estimate": 0.15,
            "stderr": null,
            "rse": null,
            "fixed": false,
            "diagonal": true,
            "ci95_lower": null,
            "ci95_upper": null
          },
          {
            "name": "THETA6",
            "estimate": 0.05,
            "stderr": null,
            "rse": null,
            "fixed": false,
            "diagonal": true,
            "ci95_lower": null,
            "ci95_upper": null
          }
        ],
        "omegas": [
          {
            "name": "OMEGA(1,1)",
            "estimate": 0.08,
            "stderr": null,
            "rse": null,
            "fixed": false,
            "diagonal": true,
            "ci95_lower": null,
            "ci95_upper": null
          },
          {
            "name": "OMEGA(2,2)",
            "estimate": 0.085,
            "stderr": null,
            "rse": null,
            "fixed": false,
            "diagonal": true,
            "ci95_lower": null,
            "ci95_upper": null
          }
        ],
        "sigmas": [
          {
            "name": "SIGMA(1,1)",
            "estimate": 0.018,
            "stderr": null,
            "rse": null,
            "fixed": false,
            "diagonal": true,
            "ci95_lower": null,
            "ci95_upper": null
          }
        ]
      },
      "alpha": 0.001,
      "retained_before": [
        "WT_CL"
      ],
      "retained_after": [
        "WT_CL"
      ],
      "removed_before": [],
      "counts": {
        "candidates": 1,
        "succeeded": 1,
        "unusable": 0,
        "withdrawn": 0,
        "retries": 0
      },
      "all_succeeded": true,
      "any_heuristics": false,
      "any_unusable": false,
      "winner": null,
      "decision": "every covariate significant at alpha 0.001; backward elimination stopped",
      "scm_status": "completed",
      "next": "SCM process complete; final model at final/1001_scm_final.mod",
      "timing": {
        "started": null,
        "ended": null,
        "wall_seconds": null,
        "estimation_seconds": 1.0
      },
      "candidates": [
        {
          "candidate": "WT_CL",
          "action": "drop WT_CL",
          "status": "succeeded",
          "model": "backward_round2/1001_wt_cl.mod",
          "selected": false,
          "rank": 1,
          "thetas": [
            4
          ],
          "initial": 0.1,
          "off": 0.0,
          "ofv": 1000.0,
          "reference_ofv": 980.0,
          "delta_ofv": 20.0,
          "statistic": 20.0,
          "df": 1,
          "p_value": 7.744216431044098e-6,
          "alpha": 0.001,
          "critical_delta_ofv": 10.827566170662521,
          "significant": true,
          "heuristics": [],
          "attempts": [
            {
              "model": "backward_round2/1001_wt_cl.mod",
              "outcome": "succeeded",
              "timing": {
                "started": null,
                "ended": null,
                "wall_seconds": null,
                "estimation_seconds": 1.0
              }
            }
          ],
          "fit": {
            "termination_code": null,
            "condition_number": null,
            "minimization_terminated": false,
            "program_aborted": false,
            "covariance_step_aborted": null,
            "eigenvalue_issues": null,
            "parameter_near_boundary": false,
            "hessian_reset": false,
            "significant_digits": null,
            "function_evaluations": 123,
            "estimation_seconds": 1.0,
            "covariance_seconds": null,
            "number_subjects": null,
            "number_obs": null,
            "estimation_methods": []
          },
          "effect_estimates": [
            {
              "theta": 4,
              "estimate": 0.25,
              "stderr": null,
              "rse": null,
              "ci95_lower": null,
              "ci95_upper": null
            }
          ],
          "iiv": [
            {
              "name": "OMEGA(1,1)",
              "reference": 0.08,
              "candidate": 0.08,
              "percent_change": 0.0
            },
            {
              "name": "OMEGA(2,2)",
              "reference": 0.085,
              "candidate": 0.085,
              "percent_change": 0.0
            }
          ],
          "parameters": {
            "thetas": [
              {
                "name": "THETA1",
                "estimate": 3.1,
                "stderr": null,
                "rse": null,
                "fixed": false,
                "diagonal": true,
                "ci95_lower": null,
                "ci95_upper": null
              },
              {
                "name": "THETA2",
                "estimate": 21.0,
                "stderr": null,
                "rse": null,
                "fixed": false,
                "diagonal": true,
                "ci95_lower": null,
                "ci95_upper": null
              },
              {
                "name": "THETA3",
                "estimate": 1.3,
                "stderr": null,
                "rse": null,
                "fixed": false,
                "diagonal": true,
                "ci95_lower": null,
                "ci95_upper": null
              },
              {
                "name": "THETA4",
                "estimate": 0.25,
                "stderr": null,
                "rse": null,
                "fixed": false,
                "diagonal": true,
                "ci95_lower": null,
                "ci95_upper": null
              },
              {
                "name": "THETA5",
                "estimate": 0.15,
                "stderr": null,
                "rse": null,
                "fixed": false,
                "diagonal": true,
                "ci95_lower": null,
                "ci95_upper": null
              },
              {
                "name": "THETA6",
                "estimate": 0.05,
                "stderr": null,
                "rse": null,
                "fixed": false,
                "diagonal": true,
                "ci95_lower": null,
                "ci95_upper": null
              }
            ],
            "omegas": [
              {
                "name": "OMEGA(1,1)",
                "estimate": 0.08,
                "stderr": null,
                "rse": null,
                "fixed": false,
                "diagonal": true,
                "ci95_lower": null,
                "ci95_upper": null
              },
              {
                "name": "OMEGA(2,2)",
                "estimate": 0.085,
                "stderr": null,
                "rse": null,
                "fixed": false,
                "diagonal": true,
                "ci95_lower": null,
                "ci95_upper": null
              }
            ],
            "sigmas": [
              {
                "name": "SIGMA(1,1)",
                "estimate": 0.018,
                "stderr": null,
                "rse": null,
                "fixed": false,
                "diagonal": true,
                "ci95_lower": null,
                "ci95_upper": null
              }
            ]
          },
          "files": {
            "run_dir": "backward_round2/1001_wt_cl",
            "lst": "backward_round2/1001_wt_cl/1001_wt_cl.lst",
            "ext": "backward_round2/1001_wt_cl/1001_wt_cl.ext",
            "summary_json": null
          },
          "timing": {
            "started": null,
            "ended": null,
            "wall_seconds": null,
            "estimation_seconds": 1.0
          }
        }
      ]
    }
  ]
}
