---
source: components/nonmem/src/scm/snapshot_tests.rs
expression: in_progress
---
<scm summary> [TMP]/scm/1001   running · forward -> backward · no rounds complete
model      : [TMP]/1001.mod   alphas: forward 0.05, backward 0.001   cov step: off
phase      : forward
retained   : none

forward_round1   ref OFV 1000.000 · alpha 0.05 · crit dOFV 3.841 · in progress — 1/3 concluded
                 reference base/1001_base.mod · retained before: none · after: none
  WT_CL        dOFV    -20.000   p 7.7e-6    *
      forward_round1/1001_wt_cl.mod                no ofv
      forward_round1/1001_wt_cl_try2.mod           succeeded
      heuristics: parameter near boundary
  CRCL_CL      dOFV          -   p -            running
      forward_round1/1001_crcl_cl.mod              running
  WT_V         dOFV          -   p -            pending

records    : scm_summary.json · scm_decision_log.{csv,md} · round_summary.{json,md} in each round dir
