---
source: components/nonmem/src/scm/snapshot_tests.rs
expression: status.render_text()
---
<scm status> [TMP]/scm/1001
model      : [TMP]/1001.mod
candidates : WT_CL, CRCL_CL, WT_V
status     : completed (updated [TIMESTAMP])
rounds     :
  reference          base model fitted (OFV 1000.000) [1 model(s)]
  forward_round1     added WT_CL (p = 7.744e-6, dOFV = -20.000) [3 model(s)]
  forward_round2     added CRCL_CL (p = 1.431e-2, dOFV = -6.000) [2 model(s), 1 retry]
  forward_round3     no candidate significant at alpha 0.05; forward selection stopped [1 model(s)]
  backward_round1    dropped CRCL_CL (p = 1.431e-2, dOFV = +6.000) [2 model(s)]
  backward_round2    every covariate significant at alpha 0.001; backward elimination stopped [1 model(s)]
records    : round_summary.{json,md} in each round dir; scm_summary.json and scm_decision_log.{csv,md} in the out dir; `scm summary` for the full record
retained   : WT_CL
final model: final/1001_scm_final.mod (OFV 980.000)
